Component: ARM Compiler 6.13.1 Tool: armlink [5d895400]

==============================================================================

Section Cross References

    keil_startup_hk32l0xx.o(RESET) refers to keil_startup_hk32l0xx.o(STACK) for __initial_sp
    keil_startup_hk32l0xx.o(RESET) refers to keil_startup_hk32l0xx.o(.text) for Reset_Handler
    keil_startup_hk32l0xx.o(RESET) refers to hk32l0xx_it.o(.text.NMI_Handler) for NMI_Handler
    keil_startup_hk32l0xx.o(RESET) refers to hk32l0xx_it.o(.text.HardFault_Handler) for HardFault_Handler
    keil_startup_hk32l0xx.o(RESET) refers to hk32l0xx_it.o(.text.SVC_Handler) for SVC_Handler
    keil_startup_hk32l0xx.o(RESET) refers to hk32l0xx_it.o(.text.PendSV_Handler) for PendSV_Handler
    keil_startup_hk32l0xx.o(RESET) refers to octopus_bsp_hk32l08x.o(.text.SysTick_Handler) for SysTick_Handler
    keil_startup_hk32l0xx.o(RESET) refers to hk32l0xx_it.o(.text.EXTI4_15_IRQHandler) for EXTI4_15_IRQHandler
    keil_startup_hk32l0xx.o(RESET) refers to octopus_bsp_hk32l08x.o(.text.UART3_4_IRQHandler) for UART3_4_IRQHandler
    keil_startup_hk32l0xx.o(.text) refers to system_hk32l0xx.o(.text.SystemInit) for SystemInit
    keil_startup_hk32l0xx.o(.text) refers to entry.o(.ARM.Collect$$$$00000000) for __main
    system_hk32l0xx.o(.text.SystemInit) refers to system_hk32l0xx.o(.text.SetSysClock) for SetSysClock
    system_hk32l0xx.o(.ARM.exidx.text.SystemInit) refers to system_hk32l0xx.o(.text.SystemInit) for [Anonymous Symbol]
    system_hk32l0xx.o(.text.SetSysClock) refers to system_hk32l0xx.o(.text.LoadOptionData_BGPLDO_to_Pmu) for LoadOptionData_BGPLDO_to_Pmu
    system_hk32l0xx.o(.text.SetSysClock) refers to system_hk32l0xx.o(.text.SetSysClockTo48_HSE8M_PLL) for SetSysClockTo48_HSE8M_PLL
    system_hk32l0xx.o(.ARM.exidx.text.SetSysClock) refers to system_hk32l0xx.o(.text.SetSysClock) for [Anonymous Symbol]
    system_hk32l0xx.o(.text.SystemCoreClockUpdate) refers to uidiv.o(.text) for __aeabi_uidiv
    system_hk32l0xx.o(.text.SystemCoreClockUpdate) refers to system_hk32l0xx.o(.data.SystemCoreClock) for SystemCoreClock
    system_hk32l0xx.o(.text.SystemCoreClockUpdate) refers to system_hk32l0xx.o(.rodata.AHBPrescTable) for AHBPrescTable
    system_hk32l0xx.o(.ARM.exidx.text.SystemCoreClockUpdate) refers to system_hk32l0xx.o(.text.SystemCoreClockUpdate) for [Anonymous Symbol]
    system_hk32l0xx.o(.ARM.exidx.text.LoadOptionData_BGPLDO_to_Pmu) refers to system_hk32l0xx.o(.text.LoadOptionData_BGPLDO_to_Pmu) for [Anonymous Symbol]
    system_hk32l0xx.o(.ARM.exidx.text.SetSysClockTo48_HSE8M_PLL) refers to system_hk32l0xx.o(.text.SetSysClockTo48_HSE8M_PLL) for [Anonymous Symbol]
    hk32l0xx_it.o(.ARM.exidx.text.NMI_Handler) refers to hk32l0xx_it.o(.text.NMI_Handler) for [Anonymous Symbol]
    hk32l0xx_it.o(.ARM.exidx.text.HardFault_Handler) refers to hk32l0xx_it.o(.text.HardFault_Handler) for [Anonymous Symbol]
    hk32l0xx_it.o(.ARM.exidx.text.SVC_Handler) refers to hk32l0xx_it.o(.text.SVC_Handler) for [Anonymous Symbol]
    hk32l0xx_it.o(.ARM.exidx.text.PendSV_Handler) refers to hk32l0xx_it.o(.text.PendSV_Handler) for [Anonymous Symbol]
    hk32l0xx_it.o(.text.EXTI4_15_IRQHandler) refers to hk32l0xx_exti.o(.text.EXTI_GetITStatus) for EXTI_GetITStatus
    hk32l0xx_it.o(.text.EXTI4_15_IRQHandler) refers to hk32l0xx_exti.o(.text.EXTI_ClearITPendingBit) for EXTI_ClearITPendingBit
    hk32l0xx_it.o(.ARM.exidx.text.EXTI4_15_IRQHandler) refers to hk32l0xx_it.o(.text.EXTI4_15_IRQHandler) for [Anonymous Symbol]
    main.o(.text.Delay_MS_) refers to uidiv.o(.text) for __aeabi_uidiv
    main.o(.text.Delay_MS_) refers to system_hk32l0xx.o(.data.SystemCoreClock) for SystemCoreClock
    main.o(.ARM.exidx.text.Delay_MS_) refers to main.o(.text.Delay_MS_) for [Anonymous Symbol]
    main.o(.text.main) refers to octopus_flash.o(i.flash_vector_table_config) for flash_vector_table_config
    main.o(.text.main) refers to octopus_bsp_hk32l08x.o(.text.SYS_Config) for SYS_Config
    main.o(.text.main) refers to octopus_bsp_hk32l08x.o(.text.RCC_Config) for RCC_Config
    main.o(.text.main) refers to octopus_bsp_hk32l08x.o(.text.GPIO_Config) for GPIO_Config
    main.o(.text.main) refers to hk32l0xx_eeprom.o(.text.EEPROM_Init) for EEPROM_Init
    main.o(.text.main) refers to octopus_bsp_hk32l08x.o(.text.UART3_Config_IRQ) for UART3_Config_IRQ
    main.o(.text.main) refers to octopus_bsp_hk32l08x.o(.text.UART4_Config_IRQ) for UART4_Config_IRQ
    main.o(.text.main) refers to octopus_log.o(i.dbg_log_set_channel) for dbg_log_set_channel
    main.o(.text.main) refers to octopus_flash.o(i.flash_loader_active_user_app) for flash_loader_active_user_app
    main.o(.text.main) refers to octopus.o(.text.TaskManagerStateMachineInit) for TaskManagerStateMachineInit
    main.o(.text.main) refers to octopus_tickcounter.o(i.StartTickCounter) for StartTickCounter
    main.o(.text.main) refers to main.o(.text.Delay_MS_) for Delay_MS_
[...]
    _printf_f                                0x00000000   Number         0  printfstubs.o ABSOLUTE
    _printf_flags                            0x00000000   Number         0  printfstubs.o ABSOLUTE
    _printf_fp_dec                           0x00000000   Number         0  printfstubs.o ABSOLUTE
    _printf_fp_hex                           0x00000000   Number         0  printfstubs.o ABSOLUTE
    _printf_g                                0x00000000   Number         0  printfstubs.o ABSOLUTE
    _printf_i                                0x00000000   Number         0  printfstubs.o ABSOLUTE
    _printf_int_dec                          0x00000000   Number         0  printfstubs.o ABSOLUTE
    _printf_l                                0x00000000   Number         0  printfstubs.o ABSOLUTE
    _printf_lc                               0x00000000   Number         0  printfstubs.o ABSOLUTE
    _printf_ll                               0x00000000   Number         0  printfstubs.o ABSOLUTE
    _printf_lld                              0x00000000   Number         0  printfstubs.o ABSOLUTE
    _printf_lli                              0x00000000   Number         0  printfstubs.o ABSOLUTE
    _printf_llo                              0x00000000   Number         0  printfstubs.o ABSOLUTE
    _printf_llu                              0x00000000   Number         0  printfstubs.o ABSOLUTE
    _printf_llx                              0x00000000   Number         0  printfstubs.o ABSOLUTE
    _printf_longlong_dec                     0x00000000   Number         0  printfstubs.o ABSOLUTE
    _printf_longlong_hex                     0x00000000   Number         0  printfstubs.o ABSOLUTE
    _printf_longlong_oct                     0x00000000   Number         0  printfstubs.o ABSOLUTE
    _printf_ls                               0x00000000   Number         0  printfstubs.o ABSOLUTE
    _printf_mbtowc                           0x00000000   Number         0  printfstubs.o ABSOLUTE
    _printf_n                                0x00000000   Number         0  printfstubs.o ABSOLUTE
    _printf_o                                0x00000000   Number         0  printfstubs.o ABSOLUTE
    _printf_p                                0x00000000   Number         0  printfstubs.o ABSOLUTE
    _printf_percent                          0x00000000   Number         0  printfstubs.o ABSOLUTE
    _printf_pre_padding                      0x00000000   Number         0  printfstubs.o ABSOLUTE
    _printf_return_value                     0x00000000   Number         0  printfstubs.o ABSOLUTE
    _printf_s                                0x00000000   Number         0  printfstubs.o ABSOLUTE
    _printf_sizespec                         0x00000000   Number         0  printfstubs.o ABSOLUTE
    _printf_str                              0x00000000   Number         0  printfstubs.o ABSOLUTE
    _printf_truncate_signed                  0x00000000   Number         0  printfstubs.o ABSOLUTE
    _printf_truncate_unsigned                0x00000000   Number         0  printfstubs.o ABSOLUTE
    _printf_u                                0x00000000   Number         0  printfstubs.o ABSOLUTE
    _printf_wc                               0x00000000   Number         0  printfstubs.o ABSOLUTE
    _printf_wctomb                           0x00000000   Number         0  printfstubs.o ABSOLUTE
    _printf_widthprec                        0x00000000   Number         0  printfstubs.o ABSOLUTE
    _printf_x                                0x00000000   Number         0  printfstubs.o ABSOLUTE
    __cpp_initialize__aeabi_                  - Undefined Weak Reference
    __cxa_finalize                            - Undefined Weak Reference
    __decompress                              - Undefined Weak Reference
    _clock_init                               - Undefined Weak Reference
    _microlib_exit                            - Undefined Weak Reference
    _scanf_longlong                           - Undefined Weak Reference
    _scanf_real                               - Undefined Weak Reference
    __Vectors_Size                           0x000000c0   Number         0  keil_startup_hk32l0xx.o ABSOLUTE
    __Vectors                                0x08000000   Data           4  keil_startup_hk32l0xx.o(RESET)
    __Vectors_End                            0x080000c0   Data           0  keil_startup_hk32l0xx.o(RESET)
    __main                                   0x080000c1   Thumb Code     0  entry.o(.ARM.Collect$$$$00000000)
    _main_stk                                0x080000c1   Thumb Code     0  entry2.o(.ARM.Collect$$$$00000001)
    _main_scatterload                        0x080000c5   Thumb Code     0  entry5.o(.ARM.Collect$$$$00000004)
    __main_after_scatterload                 0x080000c9   Thumb Code     0  entry5.o(.ARM.Collect$$$$00000004)
    _main_clock                              0x080000c9   Thumb Code     0  entry7b.o(.ARM.Collect$$$$00000008)
    _main_cpp_init                           0x080000c9   Thumb Code     0  entry8b.o(.ARM.Collect$$$$0000000A)
    _main_init                               0x080000c9   Thumb Code     0  entry9a.o(.ARM.Collect$$$$0000000B)
    __rt_final_cpp                           0x080000d1   Thumb Code     0  entry10a.o(.ARM.Collect$$$$0000000D)
    __rt_final_exit                          0x080000d1   Thumb Code     0  entry11a.o(.ARM.Collect$$$$0000000F)
    Reset_Handler                            0x080000d5   Thumb Code     8  keil_startup_hk32l0xx.o(.text)
    ADC_COMP_IRQHandler                      0x080000e7   Thumb Code     0  keil_startup_hk32l0xx.o(.text)
    AES_TRNG_EMACC_IRQHandler                0x080000e7   Thumb Code     0  keil_startup_hk32l0xx.o(.text)
    DAC_IRQHandler                           0x080000e7   Thumb Code     0  keil_startup_hk32l0xx.o(.text)
    DMA_CH1_IRQHandler                       0x080000e7   Thumb Code     0  keil_startup_hk32l0xx.o(.text)
    DMA_CH2_3_IRQHandler                     0x080000e7   Thumb Code     0  keil_startup_hk32l0xx.o(.text)
    DMA_CH4_7_IRQHandler                     0x080000e7   Thumb Code     0  keil_startup_hk32l0xx.o(.text)
    EXTI0_1_IRQHandler                       0x080000e7   Thumb Code     0  keil_startup_hk32l0xx.o(.text)
    EXTI2_3_IRQHandler                       0x080000e7   Thumb Code     0  keil_startup_hk32l0xx.o(.text)
    FLASH_IRQHandler                         0x080000e7   Thumb Code     0  keil_startup_hk32l0xx.o(.text)
    I2C1_IRQHandler                          0x080000e7   Thumb Code     0  keil_startup_hk32l0xx.o(.text)
    I2C2_IRQHandler                          0x080000e7   Thumb Code     0  keil_startup_hk32l0xx.o(.text)
    LCD_CAN_IRQHandler                       0x080000e7   Thumb Code     0  keil_startup_hk32l0xx.o(.text)
    LPUART_IRQHandler                        0x080000e7   Thumb Code     0  keil_startup_hk32l0xx.o(.text)
    PVD_IRQHandler                           0x080000e7   Thumb Code     0  keil_startup_hk32l0xx.o(.text)
    RCC_IRQHandler                           0x080000e7   Thumb Code     0  keil_startup_hk32l0xx.o(.text)
    RTC_IRQHandler                           0x080000e7   Thumb Code     0  keil_startup_hk32l0xx.o(.text)
    SPI1_IRQHandler                          0x080000e7   Thumb Code     0  keil_startup_hk32l0xx.o(.text)
    SPI2_IRQHandler                          0x080000e7   Thumb Code     0  keil_startup_hk32l0xx.o(.text)
    TIM14_IRQHandler                         0x080000e7   Thumb Code     0  keil_startup_hk32l0xx.o(.text)
    TIM15_IRQHandler                         0x080000e7   Thumb Code     0  keil_startup_hk32l0xx.o(.text)
    TIM16_IRQHandler                         0x080000e7   Thumb Code     0  keil_startup_hk32l0xx.o(.text)
    TIM17_IRQHandler                         0x080000e7   Thumb Code     0  keil_startup_hk32l0xx.o(.text)
    TIM1_IRQHandler                          0x080000e7   Thumb Code     0  keil_startup_hk32l0xx.o(.text)
    TIM2_IRQHandler                          0x080000e7   Thumb Code     0  keil_startup_hk32l0xx.o(.text)
    TIM3_IRQHandler                          0x080000e7   Thumb Code     0  keil_startup_hk32l0xx.o(.text)
    USART1_IRQHandler                        0x080000e7   Thumb Code     0  keil_startup_hk32l0xx.o(.text)
    USART2_IRQHandler                        0x080000e7   Thumb Code     0  keil_startup_hk32l0xx.o(.text)
    USB_DVSQ_IRQHandler                      0x080000e7   Thumb Code     0  keil_startup_hk32l0xx.o(.text)
    WWDG_IRQHandler                          0x080000e7   Thumb Code     0  keil_startup_hk32l0xx.o(.text)
    __aeabi_uidiv                            0x080000f1   Thumb Code     0  uidiv.o(.text)
    __aeabi_uidivmod                         0x080000f1   Thumb Code    44  uidiv.o(.text)
    __aeabi_uldivmod                         0x0800011d   Thumb Code    96  uldiv.o(.text)
    __rt_ctype_table                         0x0800017d   Thumb Code     4  ctype_o.o(.text)
    isspace                                  0x08000185   Thumb Code    18  isspace_o.o(.text)
    __aeabi_memcpy                           0x08000197   Thumb Code    36  memcpya.o(.text)
    __aeabi_memcpy4                          0x08000197   Thumb Code     0  memcpya.o(.text)
    __aeabi_memcpy8                          0x08000197   Thumb Code     0  memcpya.o(.text)
    __aeabi_memset                           0x080001bb   Thumb Code    14  memseta.o(.text)
    __aeabi_memset4                          0x080001bb   Thumb Code     0  memseta.o(.text)
    __aeabi_memset8                          0x080001bb   Thumb Code     0  memseta.o(.text)
    __aeabi_memclr                           0x080001c9   Thumb Code     4  memseta.o(.text)
    __aeabi_memclr4                          0x080001c9   Thumb Code     0  memseta.o(.text)
    __aeabi_memclr8                          0x080001c9   Thumb Code     0  memseta.o(.text)
    _memset$wrapper                          0x080001cd   Thumb Code    18  memseta.o(.text)
    __aeabi_uread4                           0x080001df   Thumb Code    20  uread4.o(.text)
    __rt_uread4                              0x080001df   Thumb Code     0  uread4.o(.text)
    _uread4                                  0x080001df   Thumb Code     0  uread4.o(.text)
    __aeabi_uwrite4                          0x080001f3   Thumb Code    18  uwrite4.o(.text)
    __rt_uwrite4                             0x080001f3   Thumb Code     0  uwrite4.o(.text)
    _uwrite4                                 0x080001f3   Thumb Code     0  uwrite4.o(.text)
    __0sscanf                                0x08000205   Thumb Code    50  __0sscanf.o(.text)
    _scanf_int                               0x08000241   Thumb Code   330  _scanf_int.o(.text)
    _scanf_string                            0x0800038b   Thumb Code   232  _scanf_str.o(.text)
    __aeabi_dadd                             0x08000475   Thumb Code   328  dadd.o(.text)
    __aeabi_dsub                             0x080005bd   Thumb Code    12  dadd.o(.text)
    __aeabi_drsub                            0x080005c9   Thumb Code    12  dadd.o(.text)
    __aeabi_dmul                             0x080005d9   Thumb Code   202  dmul.o(.text)
    __aeabi_ddiv                             0x080006a9   Thumb Code   234  ddiv.o(.text)
    __aeabi_cdrcmple                         0x08000799   Thumb Code    38  cdrcmple.o(.text)
    __aeabi_llsl                             0x080007c1   Thumb Code    32  llshl.o(.text)
    _ll_shift_l                              0x080007c1   Thumb Code     0  llshl.o(.text)
    __aeabi_llsr                             0x080007e1   Thumb Code    34  llushr.o(.text)
    _ll_ushift_r                             0x080007e1   Thumb Code     0  llushr.o(.text)
    __aeabi_lasr                             0x08000803   Thumb Code    38  llsshr.o(.text)
    _ll_sshift_r                             0x08000803   Thumb Code     0  llsshr.o(.text)
    _chval                                   0x08000829   Thumb Code    30  _chval.o(.text)
    __vfscanf_char                           0x08000855   Thumb Code    24  scanf_char.o(.text)
    _sgetc                                   0x08000875   Thumb Code    32  _sgetc.o(.text)
    _sbackspace                              0x08000895   Thumb Code    36  _sgetc.o(.text)
    __I$use$fp                               0x080008b9   Thumb Code     0  iusefp.o(.text)
    _double_round                            0x080008b9   Thumb Code    26  depilogue.o(.text)
    _double_epilogue                         0x080008d3   Thumb Code   164  depilogue.o(.text)
    __aeabi_d2ulz                            0x08000979   Thumb Code    54  dfixul.o(.text)
    __scatterload                            0x080009b9   Thumb Code    28  init.o(.text)
    __scatterload_rt2                        0x080009b9   Thumb Code     0  init.o(.text)
    __vfscanf                                0x080009dd   Thumb Code   812  _scanf.o(.text)
    Delay_MS_                                0x08000d15   Thumb Code    36  main.o(.text.Delay_MS_)
    EEPROM_Init                              0x08000d39   Thumb Code    64  hk32l0xx_eeprom.o(.text.EEPROM_Init)
    EXTI4_15_IRQHandler                      0x08000d79   Thumb Code    24  hk32l0xx_it.o(.text.EXTI4_15_IRQHandler)
    EXTI_ClearITPendingBit                   0x08000d91   Thumb Code     8  hk32l0xx_exti.o(.text.EXTI_ClearITPendingBit)
    EXTI_GetITStatus                         0x08000d99   Thumb Code    20  hk32l0xx_exti.o(.text.EXTI_GetITStatus)
    FLASH_ClearFlag                          0x08000dad   Thumb Code    40  hk32l0xx_flash.o(.text.FLASH_ClearFlag)
    FLASH_ErasePage                          0x08000dd5   Thumb Code    56  hk32l0xx_flash.o(.text.FLASH_ErasePage)
    FLASH_GetStatus                          0x08000e0d   Thumb Code    48  hk32l0xx_flash.o(.text.FLASH_GetStatus)
    FLASH_Lock                               0x08000e3d   Thumb Code    12  hk32l0xx_flash.o(.text.FLASH_Lock)
    FLASH_ProgramWord                        0x08000e49   Thumb Code    60  hk32l0xx_flash.o(.text.FLASH_ProgramWord)
    FLASH_Unlock                             0x08000e85   Thumb Code    32  hk32l0xx_flash.o(.text.FLASH_Unlock)
    FLASH_WaitForLastOperation               0x08000ea5   Thumb Code    48  hk32l0xx_flash.o(.text.FLASH_WaitForLastOperation)
    GPIO_Config                              0x08000ed5   Thumb Code   412  octopus_bsp_hk32l08x.o(.text.GPIO_Config)
    GPIO_Init                                0x08001071   Thumb Code   136  hk32l0xx_gpio.o(.text.GPIO_Init)
    GPIO_PinAFConfig                         0x080010f9   Thumb Code    40  hk32l0xx_gpio.o(.text.GPIO_PinAFConfig)
    GPIO_ReadInputDataBit                    0x08001121   Thumb Code    10  hk32l0xx_gpio.o(.text.GPIO_ReadInputDataBit)
    GPIO_WriteBit                            0x0800112b   Thumb Code    16  hk32l0xx_gpio.o(.text.GPIO_WriteBit)
    HardFault_Handler                        0x0800113b   Thumb Code     2  hk32l0xx_it.o(.text.HardFault_Handler)
    I2C_ClearFlag                            0x0800113d   Thumb Code     4  hk32l0xx_i2c.o(.text.I2C_ClearFlag)
    I2C_Cmd                                  0x08001141   Thumb Code    20  hk32l0xx_i2c.o(.text.I2C_Cmd)
    I2C_EepromBufferWrite                    0x08001155   Thumb Code   242  hk32l0xx_eeprom.o(.text.I2C_EepromBufferWrite)
    I2C_EepromPageWrite                      0x08001249   Thumb Code   236  hk32l0xx_eeprom.o(.text.I2C_EepromPageWrite)
    I2C_EepromWaitEepromStandbyState         0x08001335   Thumb Code    84  hk32l0xx_eeprom.o(.text.I2C_EepromWaitEepromStandbyState)
    I2C_GenerateSTART                        0x08001389   Thumb Code    22  hk32l0xx_i2c.o(.text.I2C_GenerateSTART)
    I2C_GetFlagStatus                        0x0800139f   Thumb Code    10  hk32l0xx_i2c.o(.text.I2C_GetFlagStatus)
    I2C_Init                                 0x080013a9   Thumb Code    96  hk32l0xx_i2c.o(.text.I2C_Init)
    I2C_SendData                             0x08001409   Thumb Code     4  hk32l0xx_i2c.o(.text.I2C_SendData)
    I2C_TransferHandling                     0x0800140d   Thumb Code    48  hk32l0xx_i2c.o(.text.I2C_TransferHandling)
    NMI_Handler                              0x080014dd   Thumb Code     2  hk32l0xx_it.o(.text.NMI_Handler)
    PTL_1_UART_Send_Buffer                   0x08001531   Thumb Code     8  octopus_bsp_hk32l08x.o(.text.PTL_1_UART_Send_Buffer)
    PendSV_Handler                           0x08001539   Thumb Code     2  hk32l0xx_it.o(.text.PendSV_Handler)
    RCC_AHBPeriphClockCmd                    0x0800153d   Thumb Code    28  hk32l0xx_rcc.o(.text.RCC_AHBPeriphClockCmd)
    RCC_APB1PeriphClockCmd                   0x08001559   Thumb Code    60  hk32l0xx_rcc.o(.text.RCC_APB1PeriphClockCmd)
    RCC_APB2PeriphClockCmd                   0x08001595   Thumb Code    28  hk32l0xx_rcc.o(.text.RCC_APB2PeriphClockCmd)
    RCC_Config                               0x080015b1   Thumb Code   102  octopus_bsp_hk32l08x.o(.text.RCC_Config)
    RCC_GetClocksFreq                        0x08001619   Thumb Code   552  hk32l0xx_rcc.o(.text.RCC_GetClocksFreq)
    RCC_LSEConfig                            0x08001841   Thumb Code    32  hk32l0xx_rcc.o(.text.RCC_LSEConfig)
    SVC_Handler                              0x08001861   Thumb Code     2  hk32l0xx_it.o(.text.SVC_Handler)
    SYSCFG_MemoryRemapConfig                 0x08001865   Thumb Code    20  hk32l0xx_syscfg.o(.text.SYSCFG_MemoryRemapConfig)
    SYS_Config                               0x08001879   Thumb Code    48  octopus_bsp_hk32l08x.o(.text.SYS_Config)
    SysTick_Handler                          0x08001a0d   Thumb Code    16  octopus_bsp_hk32l08x.o(.text.SysTick_Handler)
    SystemInit                               0x08001a1d   Thumb Code   108  system_hk32l0xx.o(.text.SystemInit)
    TaskManagerStateEventLoop                0x08001a89   Thumb Code     8  octopus.o(.text.TaskManagerStateEventLoop)
    TaskManagerStateMachineInit              0x08001a91   Thumb Code   192  octopus.o(.text.TaskManagerStateMachineInit)
    UART3_4_IRQHandler                       0x08001b51   Thumb Code   120  octopus_bsp_hk32l08x.o(.text.UART3_4_IRQHandler)
    UART3_Config_IRQ                         0x08001bc9   Thumb Code    72  octopus_bsp_hk32l08x.o(.text.UART3_Config_IRQ)
    UART3_RX_Callback                        0x08001c11   Thumb Code     8  octopus_bsp_hk32l08x.o(.text.UART3_RX_Callback)
    UART3_SendByte                           0x08001c19   Thumb Code    44  octopus_bsp_hk32l08x.o(.text.UART3_SendByte)
    UART3_Send_Buffer                        0x08001c45   Thumb Code    26  octopus_bsp_hk32l08x.o(.text.UART3_Send_Buffer)
    UART4_Config_IRQ                         0x08001c61   Thumb Code    80  octopus_bsp_hk32l08x.o(.text.UART4_Config_IRQ)
    UART4_RX_Callback                        0x08001cb1   Thumb Code     2  octopus_bsp_hk32l08x.o(.text.UART4_RX_Callback)
    USART_ClearITPendingBit                  0x08001cb3   Thumb Code    10  hk32l0xx_usart.o(.text.USART_ClearITPendingBit)
    USART_Cmd                                0x08001cbd   Thumb Code    20  hk32l0xx_usart.o(.text.USART_Cmd)
    USART_GetFlagStatus                      0x08001cd1   Thumb Code    10  hk32l0xx_usart.o(.text.USART_GetFlagStatus)
    USART_GetITStatus                        0x08001cdb   Thumb Code    48  hk32l0xx_usart.o(.text.USART_GetITStatus)
    USART_ITConfig                           0x08001d0b   Thumb Code    46  hk32l0xx_usart.o(.text.USART_ITConfig)
    USART_Init                               0x08001d39   Thumb Code   176  hk32l0xx_usart.o(.text.USART_Init)
    USART_ReceiveData                        0x08001de9   Thumb Code     8  hk32l0xx_usart.o(.text.USART_ReceiveData)
    USART_SendData                           0x08001df1   Thumb Code    12  hk32l0xx_usart.o(.text.USART_SendData)
    hal_com_uart0_send_buffer                0x08001dfd   Thumb Code    10  octopus_uart_hal.o(.text.hal_com_uart0_send_buffer)
    hal_com_uart2_send_buffer                0x08001e07   Thumb Code     4  octopus_uart_hal.o(.text.hal_com_uart2_send_buffer)
    hal_com_uart3_send_buffer                0x08001e0b   Thumb Code     4  octopus_uart_hal.o(.text.hal_com_uart3_send_buffer)
    hal_com_uart4_send_buffer                0x08001e0f   Thumb Code     4  octopus_uart_hal.o(.text.hal_com_uart4_send_buffer)
    hal_com_uart5_send_buffer                0x08001e13   Thumb Code     4  octopus_uart_hal.o(.text.hal_com_uart5_send_buffer)
    hal_com_uart6_send_buffer                0x08001e17   Thumb Code     4  octopus_uart_hal.o(.text.hal_com_uart6_send_buffer)
    hal_com_uart7_send_buffer                0x08001e1b   Thumb Code     4  octopus_uart_hal.o(.text.hal_com_uart7_send_buffer)
    hal_com_uart8_send_buffer                0x08001e1f   Thumb Code     4  octopus_uart_hal.o(.text.hal_com_uart8_send_buffer)
    hal_com_uart9_send_buffer                0x08001e23   Thumb Code     4  octopus_uart_hal.o(.text.hal_com_uart9_send_buffer)
    hal_com_uart_get_fifo_data_1             0x08001e29   Thumb Code   136  octopus_uart_hal.o(.text.hal_com_uart_get_fifo_data_1)
    hal_com_uart_receive_callback_ptl_1      0x08001eb1   Thumb Code    32  octopus_uart_hal.o(.text.hal_com_uart_receive_callback_ptl_1)
    hal_com_uartl_send_buffer                0x08001ed1   Thumb Code     4  octopus_uart_hal.o(.text.hal_com_uartl_send_buffer)
    hal_gpio_init                            0x08001ed5   Thumb Code    44  octopus_gpio_hal.o(.text.hal_gpio_init)
    hal_gpio_read                            0x08001f01   Thumb Code    12  octopus_gpio_hal.o(.text.hal_gpio_read)
    hal_gpio_write                           0x08001f0d   Thumb Code    16  octopus_gpio_hal.o(.text.hal_gpio_write)
    hal_uart_init                            0x08001f1d   Thumb Code    72  octopus_uart_hal.o(.text.hal_uart_init)
    key_reset                                0x08002045   Thumb Code    18  octopus_key.o(.text.key_reset)
    main                                     0x08002139   Thumb Code   196  main.o(.text.main)
    otsm_uart_init                           0x080021fd   Thumb Code    10  octopus_uart_hal.o(.text.otsm_uart_init)
    system_event_message_handler             0x08002209   Thumb Code   252  octopus_system.o(.text.system_event_message_handler)
    system_is_power_on                       0x08002305   Thumb Code     8  octopus_system.o(.text.system_is_power_on)
    system_mcu_initate_remote_soc            0x0800230d   Thumb Code   124  octopus_system.o(.text.system_mcu_initate_remote_soc)
    system_power_onoff                       0x08002389   Thumb Code   196  octopus_system.o(.text.system_power_onoff)
    system_reboot_soc                        0x0800244d   Thumb Code    88  octopus_system.o(.text.system_reboot_soc)
    system_set_mcu_status                    0x0800271d   Thumb Code    12  octopus_system.o(.text.system_set_mcu_status)
    task_carinfo_get_meter_info              0x08002729   Thumb Code     4  octopus_vehicle.o(.text.task_carinfo_get_meter_info)
    task_key_assert_running                  0x080027bd   Thumb Code    28  octopus_key.o(.text.task_key_assert_running)
    task_key_init_running                    0x080028f1   Thumb Code    88  octopus_key.o(.text.task_key_init_running)
    task_key_post_running                    0x080029a5   Thumb Code    12  octopus_key.o(.text.task_key_post_running)
    task_key_running                         0x08002bb5   Thumb Code     8  octopus_key.o(.text.task_key_running)
    task_key_start_running                   0x08002bbd   Thumb Code    72  octopus_key.o(.text.task_key_start_running)
    task_key_stop_running                    0x08002c05   Thumb Code    60  octopus_key.o(.text.task_key_stop_running)
    task_system_assert_running               0x08002c41   Thumb Code    20  octopus_system.o(.text.task_system_assert_running)
    task_system_init_running                 0x08002c55   Thumb Code   104  octopus_system.o(.text.task_system_init_running)
    task_system_post_running                 0x08002cbd   Thumb Code    12  octopus_system.o(.text.task_system_post_running)
    task_system_running                      0x08002cc9   Thumb Code    28  octopus_system.o(.text.task_system_running)
    task_system_start_running                0x08002ce5   Thumb Code    76  octopus_system.o(.text.task_system_start_running)
    task_system_stop_running                 0x08002d31   Thumb Code    64  octopus_system.o(.text.task_system_stop_running)
    E2ROMWritBuffTo                          0x08002d71   Thumb Code    14  octopus_flash.o(i.E2ROMWritBuffTo)
    E2ROM_writ_metas_infor                   0x08002d81   Thumb Code    14  octopus_flash.o(i.E2ROM_writ_metas_infor)
    FlashErasePage                           0x08002d95   Thumb Code    44  octopus_flash.o(i.FlashErasePage)
    FlashReadToBuff                          0x08002e01   Thumb Code    20  octopus_flash.o(i.FlashReadToBuff)
    FlashWritBuffTo                          0x08002e15   Thumb Code    46  octopus_flash.o(i.FlashWritBuffTo)
    GetSystemTickClock                       0x08002e81   Thumb Code    10  octopus_tickcounter.o(i.GetSystemTickClock)
    GetTickCounter                           0x08002e91   Thumb Code    52  octopus_tickcounter.o(i.GetTickCounter)
    IsTickCounterStart                       0x08002f21   Thumb Code    10  octopus_tickcounter.o(i.IsTickCounterStart)
    RestartTickCounter                       0x08002f2b   Thumb Code     8  octopus_tickcounter.o(i.RestartTickCounter)
    StartTickCounter                         0x08002f35   Thumb Code    42  octopus_tickcounter.o(i.StartTickCounter)
    StopTickCounter                          0x08002fbd   Thumb Code    30  octopus_tickcounter.o(i.StopTickCounter)
    __0printf                                0x08003039   Thumb Code    24  printfa.o(i.__0printf)
    __1printf                                0x08003039   Thumb Code     0  printfa.o(i.__0printf)
    __2printf                                0x08003039   Thumb Code     0  printfa.o(i.__0printf)
    __c89printf                              0x08003039   Thumb Code     0  printfa.o(i.__0printf)
    printf                                   0x08003039   Thumb Code     0  printfa.o(i.__0printf)
    __0snprintf                              0x08003059   Thumb Code    46  printfa.o(i.__0snprintf)
    __1snprintf                              0x08003059   Thumb Code     0  printfa.o(i.__0snprintf)
    __2snprintf                              0x08003059   Thumb Code     0  printfa.o(i.__0snprintf)
    __c89snprintf                            0x08003059   Thumb Code     0  printfa.o(i.__0snprintf)
    snprintf                                 0x08003059   Thumb Code     0  printfa.o(i.__0snprintf)
    __0vprintf                               0x0800308d   Thumb Code    12  printfa.o(i.__0vprintf)
    __1vprintf                               0x0800308d   Thumb Code     0  printfa.o(i.__0vprintf)
    __2vprintf                               0x0800308d   Thumb Code     0  printfa.o(i.__0vprintf)
    __c89vprintf                             0x0800308d   Thumb Code     0  printfa.o(i.__0vprintf)
    vprintf                                  0x0800308d   Thumb Code     0  printfa.o(i.__0vprintf)
    __ARM_clz                                0x080030a1   Thumb Code    46  depilogue.o(i.__ARM_clz)
    __ARM_common_switch8                     0x080030cf   Thumb Code    26  octopus_flash.o(i.__ARM_common_switch8)
    __scatterload_copy                       0x080030e9   Thumb Code    14  handlers.o(i.__scatterload_copy)
    __scatterload_null                       0x080030f7   Thumb Code     2  handlers.o(i.__scatterload_null)
    __scatterload_zeroinit                   0x080030f9   Thumb Code    14  handlers.o(i.__scatterload_zeroinit)
    build_version_code                       0x080039cb   Thumb Code    50  octopus_utils.o(i.build_version_code)
    cFifo_Init                               0x080039fd   Thumb Code    76  octopus_cfifo.o(i.cFifo_Init)
    cFifo_Pop                                0x08003a49   Thumb Code   166  octopus_cfifo.o(i.cFifo_Pop)
    cFifo_Push                               0x08003aef   Thumb Code   198  octopus_cfifo.o(i.cFifo_Push)
    calculate_crc_32                         0x08003bb5   Thumb Code    50  octopus_utils.o(i.calculate_crc_32)
    clear_message                            0x08003bed   Thumb Code    20  octopus_msgqueue.o(i.clear_message)
    compare_versions                         0x08003c05   Thumb Code   126  octopus_utils.o(i.compare_versions)
    dbg_log_printf                           0x08003cf9   Thumb Code    32  octopus_log.o(i.dbg_log_printf)
    dbg_log_printf_buffer                    0x08003d1d   Thumb Code    40  octopus_log.o(i.dbg_log_printf_buffer)
    dbg_log_printf_level                     0x08003d55   Thumb Code    90  octopus_log.o(i.dbg_log_printf_level)
    dbg_log_set_channel                      0x08003de9   Thumb Code     6  octopus_log.o(i.dbg_log_set_channel)
    decode_datetime_version                  0x08003df5   Thumb Code    50  octopus_utils.o(i.decode_datetime_version)
    encode_datetime_version                  0x08003e29   Thumb Code    90  octopus_utils.o(i.encode_datetime_version)
    flash_JumpToApplication                  0x08003e89   Thumb Code   100  octopus_flash.o(i.flash_JumpToApplication)
    flash_check_enter_upgrade_mode           0x08003f6d   Thumb Code    28  octopus_flash.o(i.flash_check_enter_upgrade_mode)
    flash_check_vector_table                 0x08003f8d   Thumb Code   176  octopus_flash.o(i.flash_check_vector_table)
    flash_data_check_invalid                 0x08004075   Thumb Code   226  octopus_flash.o(i.flash_data_check_invalid)
    flash_decode_active_version              0x08004209   Thumb Code   124  octopus_flash.o(i.flash_decode_active_version)
    flash_delay_ms                           0x080042a5   Thumb Code    32  octopus_flash.o(i.flash_delay_ms)
    flash_erase_user_app_bank                0x080042c9   Thumb Code   248  octopus_flash.o(i.flash_erase_user_app_bank)
    flash_get_app_max_size                   0x0800444d   Thumb Code    48  octopus_flash.o(i.flash_get_app_max_size)
    flash_get_bank_address                   0x08004481   Thumb Code    42  octopus_flash.o(i.flash_get_bank_address)
    flash_get_bank_name                      0x080044b1   Thumb Code    28  octopus_flash.o(i.flash_get_bank_name)
    flash_get_bank_slot_mode                 0x080044e5   Thumb Code     6  octopus_flash.o(i.flash_get_bank_slot_mode)
    flash_get_current_bank                   0x080044f1   Thumb Code     6  octopus_flash.o(i.flash_get_current_bank)
    flash_get_current_bank_name              0x080044fd   Thumb Code    14  octopus_flash.o(i.flash_get_current_bank_name)
    flash_goto_terget_bank                   0x0800450d   Thumb Code    80  octopus_flash.o(i.flash_goto_terget_bank)
    flash_init_version                       0x0800459d   Thumb Code    58  octopus_flash.o(i.flash_init_version)
    flash_is_allow_update_address            0x080045e1   Thumb Code    22  octopus_flash.o(i.flash_is_allow_update_address)
    flash_is_bank_address_valid              0x080045f9   Thumb Code   110  octopus_flash.o(i.flash_is_bank_address_valid)
    flash_is_first_boot                      0x08004671   Thumb Code    88  octopus_flash.o(i.flash_is_first_boot)
    flash_is_meta_infor_valid                0x080046d1   Thumb Code   154  octopus_flash.o(i.flash_is_meta_infor_valid)
    flash_load_sync_data_infor               0x08004775   Thumb Code   396  octopus_flash.o(i.flash_load_sync_data_infor)
    flash_loader_active_user_app             0x080049f1   Thumb Code   612  octopus_flash.o(i.flash_loader_active_user_app)
    flash_print_logo                         0x08004e79   Thumb Code   100  octopus_flash.o(i.flash_print_logo)
    flash_print_mcu_meta_infor               0x080050ed   Thumb Code   230  octopus_flash.o(i.flash_print_mcu_meta_infor)
    flash_read_all_infor                     0x080053a1   Thumb Code    74  octopus_flash.o(i.flash_read_all_infor)
    flash_reconfig_bank_address              0x0800542d   Thumb Code   310  octopus_flash.o(i.flash_reconfig_bank_address)
    flash_vector_table_config                0x08005571   Thumb Code   136  octopus_flash.o(i.flash_vector_table_config)
    flash_verify_bank_slot_crc               0x08005601   Thumb Code   114  octopus_flash.o(i.flash_verify_bank_slot_crc)
    flash_writ_all_infor                     0x08005729   Thumb Code   152  octopus_flash.o(i.flash_writ_all_infor)
    fputc                                    0x08005881   Thumb Code   134  octopus_log.o(i.fputc)
    get_message                              0x0800590d   Thumb Code    98  octopus_msgqueue.o(i.get_message)
    get_month_index                          0x08005979   Thumb Code    52  octopus_utils.o(i.get_month_index)
    gpio_get_gpio_status_by_pin              0x080059b1   Thumb Code    26  octopus_gpio.o(i.gpio_get_gpio_status_by_pin)
    gpio_get_key_status_by_key               0x080059d1   Thumb Code    26  octopus_gpio.o(i.gpio_get_key_status_by_key)
    gpio_is_power_on                         0x080059f1   Thumb Code    12  octopus_gpio.o(i.gpio_is_power_on)
    gpio_power_on_off                        0x08005a01   Thumb Code    56  octopus_gpio.o(i.gpio_power_on_off)
    hal_eeprom_write_                        0x08005a3d   Thumb Code    20  octopus_flash_hal.o(i.hal_eeprom_write_)
    hal_flash_erase_page_                    0x08005a75   Thumb Code    48  octopus_flash_hal.o(i.hal_flash_erase_page_)
    hal_flash_init                           0x08005aa9   Thumb Code    12  octopus_flash_hal.o(i.hal_flash_init)
    hal_flash_read_                          0x08005acd   Thumb Code    20  octopus_flash_hal.o(i.hal_flash_read_)
    hal_flash_write_                         0x08005ae1   Thumb Code    84  octopus_flash_hal.o(i.hal_flash_write_)
    otms_get_config                          0x08005b61   Thumb Code     4  octopus_task_manager.o(i.otms_get_config)
    otms_set_state                           0x08005b69   Thumb Code    30  octopus_task_manager.o(i.otms_set_state)
    otms_task_manager_init                   0x08005bdd   Thumb Code    20  octopus_task_manager.o(i.otms_task_manager_init)
    otms_task_manager_run                    0x08005bf1   Thumb Code    22  octopus_task_manager.o(i.otms_task_manager_run)
    otms_task_manager_start                  0x08005c0d   Thumb Code    20  octopus_task_manager.o(i.otms_task_manager_start)
    otsm_flash_init                          0x08005c21   Thumb Code    10  octopus_flash.o(i.otsm_flash_init)
    otsm_gpio_init                           0x08005c2b   Thumb Code    10  octopus_gpio.o(i.otsm_gpio_init)
    otsm_message_queue_init                  0x08005c35   Thumb Code    20  octopus_msgqueue.o(i.otsm_message_queue_init)
    otsm_ptl_help                            0x08005c49   Thumb Code     8  octopus_uart_ptl.o(i.otsm_ptl_help)
    parse_build_date_time                    0x08005c51   Thumb Code    74  octopus_utils.o(i.parse_build_date_time)
    ptl_build_frame                          0x08005cb5   Thumb Code   130  octopus_uart_ptl.o(i.ptl_build_frame)
    ptl_build_frame_header                   0x08005dd1   Thumb Code    54  octopus_uart_ptl.o(i.ptl_build_frame_header)
    ptl_get_checksum                         0x08005f85   Thumb Code    54  octopus_uart_ptl.o(i.ptl_get_checksum)
    ptl_print_registered_module              0x08006059   Thumb Code    38  octopus_uart_ptl.o(i.ptl_print_registered_module)
    ptl_register_module                      0x0800613d   Thumb Code    48  octopus_uart_ptl.o(i.ptl_register_module)
    ptl_release_running                      0x08006199   Thumb Code    24  octopus_uart_ptl.o(i.ptl_release_running)
    ptl_reqest_running                       0x080061fd   Thumb Code    34  octopus_uart_ptl.o(i.ptl_reqest_running)
    ptl_send_buffer                          0x08006255   Thumb Code     8  octopus_uart_ptl.o(i.ptl_send_buffer)
    send_message                             0x080063bd   Thumb Code    94  octopus_msgqueue.o(i.send_message)
    task_gpio_assert_running                 0x08006421   Thumb Code    12  octopus_gpio.o(i.task_gpio_assert_running)
    task_gpio_event_dispatcher               0x0800642d   Thumb Code    56  octopus_gpio.o(i.task_gpio_event_dispatcher)
    task_gpio_event_polling                  0x080064c1   Thumb Code    48  octopus_gpio.o(i.task_gpio_event_polling)
    task_gpio_init_running                   0x080064f9   Thumb Code    42  octopus_gpio.o(i.task_gpio_init_running)
    task_gpio_key_polling_event_dispatcher   0x08006549   Thumb Code    68  octopus_gpio.o(i.task_gpio_key_polling_event_dispatcher)
    task_gpio_key_polling_event_status       0x0800658d   Thumb Code   168  octopus_gpio.o(i.task_gpio_key_polling_event_status)
    task_gpio_polling_status                 0x08006639   Thumb Code   132  octopus_gpio.o(i.task_gpio_polling_status)
    task_gpio_post_running                   0x080066bd   Thumb Code    12  octopus_gpio.o(i.task_gpio_post_running)
    task_gpio_running                        0x080066c9   Thumb Code     8  octopus_gpio.o(i.task_gpio_running)
    task_gpio_start_running                  0x080066d1   Thumb Code    20  octopus_gpio.o(i.task_gpio_start_running)
    task_gpio_stop_running                   0x08006705   Thumb Code    20  octopus_gpio.o(i.task_gpio_stop_running)
    task_manager_start_module                0x0800672d   Thumb Code    26  octopus_task_manager.o(i.task_manager_start_module)
    task_manager_stop_except_2               0x08006747   Thumb Code    32  octopus_task_manager.o(i.task_manager_stop_except_2)
    task_ptl_assert_running                  0x08006769   Thumb Code    26  octopus_uart_ptl.o(i.task_ptl_assert_running)
    task_ptl_init_running                    0x08006789   Thumb Code    20  octopus_uart_ptl.o(i.task_ptl_init_running)
    task_ptl_post_running                    0x080067b9   Thumb Code    12  octopus_uart_ptl.o(i.task_ptl_post_running)
    task_ptl_running                         0x080067c5   Thumb Code    24  octopus_uart_ptl.o(i.task_ptl_running)
    task_ptl_start_running                   0x080067dd   Thumb Code    20  octopus_uart_ptl.o(i.task_ptl_start_running)
    task_ptl_stop_running                    0x08006811   Thumb Code    20  octopus_uart_ptl.o(i.task_ptl_stop_running)
    task_update_assert_running               0x08006839   Thumb Code    18  octopus_update_mcu.o(i.task_update_assert_running)
    task_update_init_running                 0x0800684d   Thumb Code    30  octopus_update_mcu.o(i.task_update_init_running)
    task_update_post_running                 0x08006899   Thumb Code    18  octopus_update_mcu.o(i.task_update_post_running)
    task_update_running                      0x080068ab   Thumb Code    16  octopus_update_mcu.o(i.task_update_running)
    task_update_start_running                0x080068bd   Thumb Code    28  octopus_update_mcu.o(i.task_update_start_running)
    task_update_stop_running                 0x08006901   Thumb Code    20  octopus_update_mcu.o(i.task_update_stop_running)
    update_get_target_bank                   0x080069c1   Thumb Code   100  octopus_update_mcu.o(i.update_get_target_bank)
    update_print_program_data                0x08006a25   Thumb Code    28  octopus_update_mcu.o(i.update_print_program_data)
    upgrade_enter_upgrade_mode               0x080074d5   Thumb Code    98  octopus_update_mcu.o(i.upgrade_enter_upgrade_mode)
    battery_table_36V                        0x080079bc   Data         200  octopus_utils.o(.constdata)
    battery_table_43V                        0x08007a84   Data         200  octopus_utils.o(.constdata)
    battery_table_48V                        0x08007b4c   Data         200  octopus_utils.o(.constdata)
    battery_table_52V                        0x08007c14   Data         200  octopus_utils.o(.constdata)
    battery_table_60V                        0x08007cdc   Data         200  octopus_utils.o(.constdata)
    battery_table_72V                        0x08007da4   Data         200  octopus_utils.o(.constdata)
    __ctype_table                            0x08007f22   Data         129  ctype_o.o(.constdata)
    task_module_config_table                 0x08008620   Data         408  octopus_task_configuration.o(.rodata.task_module_config_table)
    Region$$Table$$Base                      0x080087b8   Number         0  anon$$obj.o(Region$$Table)
    Region$$Table$$Limit                     0x080087d8   Number         0  anon$$obj.o(Region$$Table)
    IRAM_Vector_Table                        0x20000000   Data         192  octopus_flash.o(.ARM.__AT_0x20000000)
    flash_bank_config_mode_slot              0x20000100   Data           1  octopus_flash.o(.data)
    flash_bank_config_mode_boot              0x20000101   Data           1  octopus_flash.o(.data)
    flash_bank_config_rom_address            0x20000104   Data           4  octopus_flash.o(.data)
    OTSM_DEBUG_UART_CHANNEL                  0x20000108   Data           1  octopus_log.o(.data)
    current_log_level                        0x20000109   Data           1  octopus_log.o(.data)
    __stdout                                 0x2000015c   Data           4  stdout.o(.data)
    SystemCoreClock                          0x20000160   Data           4  system_hk32l0xx.o(.data.SystemCoreClock)
    gpio_key_array                           0x20000164   Data          12  octopus_key.o(.data.gpio_key_array)
    key_status_page                          0x20000170   Data          20  octopus_key.o(.data.key_status_page)
    key_status_power                         0x20000184   Data          20  octopus_key.o(.data.key_status_power)
    flash_meta_infor                         0x20000198   Data          64  octopus_flash.o(.bss)
    system_meter_infor                       0x200001d8   Data          28  octopus_flash.o(.bss)
    mcu_upgrade_status                       0x20001670   Data          36  octopus_update_mcu.o(.bss)
    TaskManagerStateMachine_Id_              0x2000195c   Data           1  octopus.o(.bss.TaskManagerStateMachine_Id_)
    gpio_array                               0x20001960   Data           4  octopus_key.o(.bss.gpio_array)
    key_status_received_temp                 0x20001964   Data          20  octopus_key.o(.bss.key_status_received_temp)
    power_key_password_index                 0x20001988   Data           1  octopus_key.o(.bss.power_key_password_index)
    system_tick_counter_ms                   0x20001aa0   Data           4  octopus_bsp_hk32l08x.o(.bss.system_tick_counter_ms)
    __initial_sp                             0x200022b0   Data           0  keil_startup_hk32l0xx.o(STACK)



==============================================================================

Memory Map of the image

  Image Entry point : 0x080000c1

  Load Region LR_IROM1 (Base: 0x08000000, Size: 0x00008870, Max: 0x0000a000, ABSOLUTE)

    Execution Region ER_IROM1 (Exec base: 0x08000000, Load base: 0x08000000, Size: 0x000087d8, Max: 0x0000a000, ABSOLUTE)

    Exec Addr    Load Addr    Size         Type   Attr      Idx    E Section Name        Object

    0x08000000   0x08000000   0x000000c0   Data   RO            3    RESET               keil_startup_hk32l0xx.o
    0x080000c0   0x080000c0   0x00000000   Code   RO         3555  * .ARM.Collect$$$$00000000  mc_p.l(entry.o)
    0x080000c0   0x080000c0   0x00000004   Code   RO         3937    .ARM.Collect$$$$00000001  mc_p.l(entry2.o)
    0x080000c4   0x080000c4   0x00000004   Code   RO         3940    .ARM.Collect$$$$00000004  mc_p.l(entry5.o)
    0x080000c8   0x080000c8   0x00000000   Code   RO         3942    .ARM.Collect$$$$00000008  mc_p.l(entry7b.o)
    0x080000c8   0x080000c8   0x00000000   Code   RO         3944    .ARM.Collect$$$$0000000A  mc_p.l(entry8b.o)
    0x080000c8   0x080000c8   0x00000008   Code   RO         3945    .ARM.Collect$$$$0000000B  mc_p.l(entry9a.o)
    0x080000d0   0x080000d0   0x00000000   Code   RO         3947    .ARM.Collect$$$$0000000D  mc_p.l(entry10a.o)
    0x080000d0   0x080000d0   0x00000000   Code   RO         3949    .ARM.Collect$$$$0000000F  mc_p.l(entry11a.o)
    0x080000d0   0x080000d0   0x00000004   Code   RO         3938    .ARM.Collect$$$$00002712  mc_p.l(entry2.o)
    0x080000d4   0x080000d4   0x0000001c   Code   RO            4    .text               keil_startup_hk32l0xx.o
    0x080000f0   0x080000f0   0x0000002c   Code   RO         3572    .text               mc_p.l(uidiv.o)
    0x0800011c   0x0800011c   0x00000060   Code   RO         3574    .text               mc_p.l(uldiv.o)
    0x0800017c   0x0800017c   0x00000008   Code   RO         3576    .text               mc_p.l(ctype_o.o)
    0x08000184   0x08000184   0x00000012   Code   RO         3598    .text               mc_p.l(isspace_o.o)
    0x08000196   0x08000196   0x00000024   Code   RO         3604    .text               mc_p.l(memcpya.o)
    0x080001ba   0x080001ba   0x00000024   Code   RO         3606    .text               mc_p.l(memseta.o)
    0x080001de   0x080001de   0x00000014   Code   RO         3885    .text               mc_p.l(uread4.o)
    0x080001f2   0x080001f2   0x00000012   Code   RO         3887    .text               mc_p.l(uwrite4.o)
    0x08000204   0x08000204   0x0000003c   Code   RO         3889    .text               mc_p.l(__0sscanf.o)
    0x08000240   0x08000240   0x0000014a   Code   RO         3891    .text               mc_p.l(_scanf_int.o)
    0x0800038a   0x0800038a   0x000000e8   Code   RO         3893    .text               mc_p.l(_scanf_str.o)
    0x08000472   0x08000472   0x00000002   PAD
    0x08000474   0x08000474   0x00000164   Code   RO         3907    .text               mf_p.l(dadd.o)
    0x080005d8   0x080005d8   0x000000d0   Code   RO         3909    .text               mf_p.l(dmul.o)
    0x080006a8   0x080006a8   0x000000f0   Code   RO         3911    .text               mf_p.l(ddiv.o)
    0x08000798   0x08000798   0x00000028   Code   RO         3931    .text               mf_p.l(cdrcmple.o)
    0x080007c0   0x080007c0   0x00000020   Code   RO         3965    .text               mc_p.l(llshl.o)
    0x080007e0   0x080007e0   0x00000022   Code   RO         3967    .text               mc_p.l(llushr.o)
    0x08000802   0x08000802   0x00000026   Code   RO         3969    .text               mc_p.l(llsshr.o)
    0x08000828   0x08000828   0x0000001e   Code   RO         3978    .text               mc_p.l(_chval.o)
    0x08000846   0x08000846   0x00000002   PAD
    0x08000848   0x08000848   0x0000002c   Code   RO         3980    .text               mc_p.l(scanf_char.o)
    0x08000874   0x08000874   0x00000044   Code   RO         3982    .text               mc_p.l(_sgetc.o)
    0x080008b8   0x080008b8   0x00000000   Code   RO         3986    .text               mc_p.l(iusefp.o)
    0x080008b8   0x080008b8   0x000000be   Code   RO         3989    .text               mf_p.l(depilogue.o)
    0x08000976   0x08000976   0x00000002   PAD
    0x08000978   0x08000978   0x00000040   Code   RO         3993    .text               mf_p.l(dfixul.o)
    0x080009b8   0x080009b8   0x00000024   Code   RO         3995    .text               mc_p.l(init.o)
    0x080009dc   0x080009dc   0x00000338   Code   RO         4000    .text               mc_p.l(_scanf.o)
    0x08000d14   0x08000d14   0x00000024   Code   RO           50    .text.Delay_MS_     main.o
    0x08000d38   0x08000d38   0x00000040   Code   RO          524    .text.EEPROM_Init   hk32l0xx_eeprom.o
    0x08000d78   0x08000d78   0x00000018   Code   RO           40    .text.EXTI4_15_IRQHandler  hk32l0xx_it.o
    0x08000d90   0x08000d90   0x00000008   Code   RO          603    .text.EXTI_ClearITPendingBit  hk32l0xx_exti.o
    0x08000d98   0x08000d98   0x00000014   Code   RO          601    .text.EXTI_GetITStatus  hk32l0xx_exti.o
    0x08000dac   0x08000dac   0x00000028   Code   RO          658    .text.FLASH_ClearFlag  hk32l0xx_flash.o
    0x08000dd4   0x08000dd4   0x00000038   Code   RO          624    .text.FLASH_ErasePage  hk32l0xx_flash.o
    0x08000e0c   0x08000e0c   0x00000030   Code   RO          660    .text.FLASH_GetStatus  hk32l0xx_flash.o
    0x08000e3c   0x08000e3c   0x0000000c   Code   RO          622    .text.FLASH_Lock    hk32l0xx_flash.o
    0x08000e48   0x08000e48   0x0000003c   Code   RO          632    .text.FLASH_ProgramWord  hk32l0xx_flash.o
    0x08000e84   0x08000e84   0x00000020   Code   RO          620    .text.FLASH_Unlock  hk32l0xx_flash.o
    0x08000ea4   0x08000ea4   0x00000030   Code   RO          626    .text.FLASH_WaitForLastOperation  hk32l0xx_flash.o
    0x08000ed4   0x08000ed4   0x0000019c   Code   RO         1895    .text.GPIO_Config   octopus_bsp_hk32l08x.o
    0x08001070   0x08001070   0x00000088   Code   RO          677    .text.GPIO_Init     hk32l0xx_gpio.o
    0x080010f8   0x080010f8   0x00000028   Code   RO          701    .text.GPIO_PinAFConfig  hk32l0xx_gpio.o
    0x08001120   0x08001120   0x0000000a   Code   RO          683    .text.GPIO_ReadInputDataBit  hk32l0xx_gpio.o
    0x0800112a   0x0800112a   0x00000010   Code   RO          695    .text.GPIO_WriteBit  hk32l0xx_gpio.o
    0x0800113a   0x0800113a   0x00000002   Code   RO           34    .text.HardFault_Handler  hk32l0xx_it.o
    0x0800113c   0x0800113c   0x00000004   Code   RO          790    .text.I2C_ClearFlag  hk32l0xx_i2c.o
    0x08001140   0x08001140   0x00000014   Code   RO          718    .text.I2C_Cmd       hk32l0xx_i2c.o
    0x08001154   0x08001154   0x000000f2   Code   RO          532    .text.I2C_EepromBufferWrite  hk32l0xx_eeprom.o
    0x08001246   0x08001246   0x00000002   PAD
    0x08001248   0x08001248   0x000000ec   Code   RO          528    .text.I2C_EepromPageWrite  hk32l0xx_eeprom.o
    0x08001334   0x08001334   0x00000054   Code   RO          530    .text.I2C_EepromWaitEepromStandbyState  hk32l0xx_eeprom.o
    0x08001388   0x08001388   0x00000016   Code   RO          748    .text.I2C_GenerateSTART  hk32l0xx_i2c.o
    0x0800139e   0x0800139e   0x0000000a   Code   RO          788    .text.I2C_GetFlagStatus  hk32l0xx_i2c.o
    0x080013a8   0x080013a8   0x00000060   Code   RO          714    .text.I2C_Init      hk32l0xx_i2c.o
    0x08001408   0x08001408   0x00000004   Code   RO          782    .text.I2C_SendData  hk32l0xx_i2c.o
    0x0800140c   0x0800140c   0x00000030   Code   RO          760    .text.I2C_TransferHandling  hk32l0xx_i2c.o
    0x0800143c   0x0800143c   0x000000a0   Code   RO           17    .text.LoadOptionData_BGPLDO_to_Pmu  system_hk32l0xx.o
    0x080014dc   0x080014dc   0x00000002   Code   RO           32    .text.NMI_Handler   hk32l0xx_it.o
    0x080014de   0x080014de   0x00000002   PAD
    0x080014e0   0x080014e0   0x00000010   Code   RO         1907    .text.NVIC_EnableIRQ  octopus_bsp_hk32l08x.o
    0x080014f0   0x080014f0   0x00000040   Code   RO         1893    .text.NVIC_SetPriority  octopus_bsp_hk32l08x.o
    0x08001530   0x08001530   0x00000008   Code   RO         1923    .text.PTL_1_UART_Send_Buffer  octopus_bsp_hk32l08x.o
    0x08001538   0x08001538   0x00000002   Code   RO           38    .text.PendSV_Handler  hk32l0xx_it.o
    0x0800153a   0x0800153a   0x00000002   PAD
    0x0800153c   0x0800153c   0x0000001c   Code   RO         1212    .text.RCC_AHBPeriphClockCmd  hk32l0xx_rcc.o
    0x08001558   0x08001558   0x0000003c   Code   RO         1216    .text.RCC_APB1PeriphClockCmd  hk32l0xx_rcc.o
    0x08001594   0x08001594   0x0000001c   Code   RO         1214    .text.RCC_APB2PeriphClockCmd  hk32l0xx_rcc.o
    0x080015b0   0x080015b0   0x00000066   Code   RO         1897    .text.RCC_Config    octopus_bsp_hk32l08x.o
    0x08001616   0x08001616   0x00000002   PAD
    0x08001618   0x08001618   0x00000228   Code   RO         1202    .text.RCC_GetClocksFreq  hk32l0xx_rcc.o
    0x08001840   0x08001840   0x00000020   Code   RO         1148    .text.RCC_LSEConfig  hk32l0xx_rcc.o
    0x08001860   0x08001860   0x00000002   Code   RO           36    .text.SVC_Handler   hk32l0xx_it.o
    0x08001862   0x08001862   0x00000002   PAD
    0x08001864   0x08001864   0x00000014   Code   RO         1433    .text.SYSCFG_MemoryRemapConfig  hk32l0xx_syscfg.o
    0x08001878   0x08001878   0x00000030   Code   RO         1891    .text.SYS_Config    octopus_bsp_hk32l08x.o
    0x080018a8   0x080018a8   0x00000098   Code   RO           13    .text.SetSysClock   system_hk32l0xx.o
    0x08001940   0x08001940   0x000000cc   Code   RO           19    .text.SetSysClockTo48_HSE8M_PLL  system_hk32l0xx.o
    0x08001a0c   0x08001a0c   0x00000010   Code   RO         1875    .text.SysTick_Handler  octopus_bsp_hk32l08x.o
    0x08001a1c   0x08001a1c   0x0000006c   Code   RO           11    .text.SystemInit    system_hk32l0xx.o
    0x08001a88   0x08001a88   0x00000008   Code   RO         1852    .text.TaskManagerStateEventLoop  octopus.o
    0x08001a90   0x08001a90   0x000000c0   Code   RO         1850    .text.TaskManagerStateMachineInit  octopus.o
    0x08001b50   0x08001b50   0x00000078   Code   RO         1909    .text.UART3_4_IRQHandler  octopus_bsp_hk32l08x.o
    0x08001bc8   0x08001bc8   0x00000048   Code   RO         1903    .text.UART3_Config_IRQ  octopus_bsp_hk32l08x.o
    0x08001c10   0x08001c10   0x00000008   Code   RO         1881    .text.UART3_RX_Callback  octopus_bsp_hk32l08x.o
    0x08001c18   0x08001c18   0x0000002c   Code   RO         1911    .text.UART3_SendByte  octopus_bsp_hk32l08x.o
    0x08001c44   0x08001c44   0x0000001a   Code   RO         1913    .text.UART3_Send_Buffer  octopus_bsp_hk32l08x.o
    0x08001c5e   0x08001c5e   0x00000002   PAD
    0x08001c60   0x08001c60   0x00000050   Code   RO         1905    .text.UART4_Config_IRQ  octopus_bsp_hk32l08x.o
    0x08001cb0   0x08001cb0   0x00000002   Code   RO         1883    .text.UART4_RX_Callback  octopus_bsp_hk32l08x.o
    0x08001cb2   0x08001cb2   0x0000000a   Code   RO         1812    .text.USART_ClearITPendingBit  hk32l0xx_usart.o
    0x08001cbc   0x08001cbc   0x00000014   Code   RO         1726    .text.USART_Cmd     hk32l0xx_usart.o
    0x08001cd0   0x08001cd0   0x0000000a   Code   RO         1806    .text.USART_GetFlagStatus  hk32l0xx_usart.o
    0x08001cda   0x08001cda   0x00000030   Code   RO         1810    .text.USART_GetITStatus  hk32l0xx_usart.o
    0x08001d0a   0x08001d0a   0x0000002e   Code   RO         1800    .text.USART_ITConfig  hk32l0xx_usart.o
    0x08001d38   0x08001d38   0x000000b0   Code   RO         1718    .text.USART_Init    hk32l0xx_usart.o
    0x08001de8   0x08001de8   0x00000008   Code   RO         1758    .text.USART_ReceiveData  hk32l0xx_usart.o
    0x08001df0   0x08001df0   0x0000000c   Code   RO         1756    .text.USART_SendData  hk32l0xx_usart.o
    0x08001dfc   0x08001dfc   0x0000000a   Code   RO         2077    .text.hal_com_uart0_send_buffer  octopus_uart_hal.o
    0x08001e06   0x08001e06   0x00000004   Code   RO         2081    .text.hal_com_uart2_send_buffer  octopus_uart_hal.o
    0x08001e0a   0x08001e0a   0x00000004   Code   RO         2083    .text.hal_com_uart3_send_buffer  octopus_uart_hal.o
    0x08001e0e   0x08001e0e   0x00000004   Code   RO         2085    .text.hal_com_uart4_send_buffer  octopus_uart_hal.o
    0x08001e12   0x08001e12   0x00000004   Code   RO         2087    .text.hal_com_uart5_send_buffer  octopus_uart_hal.o
    0x08001e16   0x08001e16   0x00000004   Code   RO         2089    .text.hal_com_uart6_send_buffer  octopus_uart_hal.o
    0x08001e1a   0x08001e1a   0x00000004   Code   RO         2091    .text.hal_com_uart7_send_buffer  octopus_uart_hal.o
    0x08001e1e   0x08001e1e   0x00000004   Code   RO         2093    .text.hal_com_uart8_send_buffer  octopus_uart_hal.o
    0x08001e22   0x08001e22   0x00000004   Code   RO         2095    .text.hal_com_uart9_send_buffer  octopus_uart_hal.o
    0x08001e26   0x08001e26   0x00000002   PAD
    0x08001e28   0x08001e28   0x00000088   Code   RO         2073    .text.hal_com_uart_get_fifo_data_1  octopus_uart_hal.o
    0x08001eb0   0x08001eb0   0x00000020   Code   RO         2067    .text.hal_com_uart_receive_callback_ptl_1  octopus_uart_hal.o
    0x08001ed0   0x08001ed0   0x00000004   Code   RO         2079    .text.hal_com_uartl_send_buffer  octopus_uart_hal.o
    0x08001ed4   0x08001ed4   0x0000002c   Code   RO         1947    .text.hal_gpio_init  octopus_gpio_hal.o
    0x08001f00   0x08001f00   0x0000000c   Code   RO         1943    .text.hal_gpio_read  octopus_gpio_hal.o
    0x08001f0c   0x08001f0c   0x00000010   Code   RO         1945    .text.hal_gpio_write  octopus_gpio_hal.o
    0x08001f1c   0x08001f1c   0x00000048   Code   RO         2065    .text.hal_uart_init  octopus_uart_hal.o
    0x08001f64   0x08001f64   0x000000e0   Code   RO         1962    .text.key_receive_handler  octopus_key.o
    0x08002044   0x08002044   0x00000012   Code   RO         1976    .text.key_reset     octopus_key.o
    0x08002056   0x08002056   0x00000002   PAD
    0x08002058   0x08002058   0x000000e0   Code   RO         1960    .text.key_send_handler  octopus_key.o
    0x08002138   0x08002138   0x000000c4   Code   RO           52    .text.main          main.o
    0x080021fc   0x080021fc   0x0000000a   Code   RO         2071    .text.otsm_uart_init  octopus_uart_hal.o
    0x08002206   0x08002206   0x00000002   PAD
    0x08002208   0x08002208   0x000000fc   Code   RO         2019    .text.system_event_message_handler  octopus_system.o
    0x08002304   0x08002304   0x00000008   Code   RO         2041    .text.system_is_power_on  octopus_system.o
    0x0800230c   0x0800230c   0x0000007c   Code   RO         2043    .text.system_mcu_initate_remote_soc  octopus_system.o
    0x08002388   0x08002388   0x000000c4   Code   RO         2027    .text.system_power_onoff  octopus_system.o
    0x0800244c   0x0800244c   0x00000058   Code   RO         2029    .text.system_reboot_soc  octopus_system.o
    0x080024a4   0x080024a4   0x00000174   Code   RO         2011    .text.system_receive_handler  octopus_system.o
    0x08002618   0x08002618   0x00000104   Code   RO         2009    .text.system_send_handler  octopus_system.o
    0x0800271c   0x0800271c   0x0000000c   Code   RO         2035    .text.system_set_mcu_status  octopus_system.o
    0x08002728   0x08002728   0x00000004   Code   RO         2113    .text.task_carinfo_get_meter_info  octopus_vehicle.o
    0x0800272c   0x0800272c   0x00000090   Code   RO         1970    .text.task_key_action_handler  octopus_key.o
    0x080027bc   0x080027bc   0x0000001c   Code   RO         1966    .text.task_key_assert_running  octopus_key.o
    0x080027d8   0x080027d8   0x00000118   Code   RO         1980    .text.task_key_event_dispatcher  octopus_key.o
    0x080028f0   0x080028f0   0x00000058   Code   RO         1958    .text.task_key_init_running  octopus_key.o
    0x08002948   0x08002948   0x0000005c   Code   RO         1982    .text.task_key_local_dispatcher  octopus_key.o
    0x080029a4   0x080029a4   0x0000000c   Code   RO         1972    .text.task_key_post_running  octopus_key.o
    0x080029b0   0x080029b0   0x00000158   Code   RO         1978    .text.task_key_power_handler  octopus_key.o
    0x08002b08   0x08002b08   0x000000ac   Code   RO         1984    .text.task_key_received_dispatcher  octopus_key.o
    0x08002bb4   0x08002bb4   0x00000008   Code   RO         1968    .text.task_key_running  octopus_key.o
    0x08002bbc   0x08002bbc   0x00000048   Code   RO         1964    .text.task_key_start_running  octopus_key.o
    0x08002c04   0x08002c04   0x0000003c   Code   RO         1974    .text.task_key_stop_running  octopus_key.o
    0x08002c40   0x08002c40   0x00000014   Code   RO         2015    .text.task_system_assert_running  octopus_system.o
    0x08002c54   0x08002c54   0x00000068   Code   RO         2007    .text.task_system_init_running  octopus_system.o
    0x08002cbc   0x08002cbc   0x0000000c   Code   RO         2021    .text.task_system_post_running  octopus_system.o
    0x08002cc8   0x08002cc8   0x0000001c   Code   RO         2017    .text.task_system_running  octopus_system.o
    0x08002ce4   0x08002ce4   0x0000004c   Code   RO         2013    .text.task_system_start_running  octopus_system.o
    0x08002d30   0x08002d30   0x00000040   Code   RO         2023    .text.task_system_stop_running  octopus_system.o
    0x08002d70   0x08002d70   0x0000000e   Code   RO         2203    i.E2ROMWritBuffTo   lib-otms-l-hk32l08x.lib(octopus_flash.o)
    0x08002d7e   0x08002d7e   0x00000002   PAD
    0x08002d80   0x08002d80   0x00000014   Code   RO         2206    i.E2ROM_writ_metas_infor  lib-otms-l-hk32l08x.lib(octopus_flash.o)
    0x08002d94   0x08002d94   0x0000006c   Code   RO         2208    i.FlashErasePage    lib-otms-l-hk32l08x.lib(octopus_flash.o)
    0x08002e00   0x08002e00   0x00000014   Code   RO         2209    i.FlashReadToBuff   lib-otms-l-hk32l08x.lib(octopus_flash.o)
    0x08002e14   0x08002e14   0x0000006c   Code   RO         2210    i.FlashWritBuffTo   lib-otms-l-hk32l08x.lib(octopus_flash.o)
    0x08002e80   0x08002e80   0x00000010   Code   RO         2981    i.GetSystemTickClock  lib-otms-l-hk32l08x.lib(octopus_tickcounter.o)
    0x08002e90   0x08002e90   0x00000090   Code   RO         2982    i.GetTickCounter    lib-otms-l-hk32l08x.lib(octopus_tickcounter.o)
    0x08002f20   0x08002f20   0x0000000a   Code   RO         2983    i.IsTickCounterStart  lib-otms-l-hk32l08x.lib(octopus_tickcounter.o)
    0x08002f2a   0x08002f2a   0x00000008   Code   RO         2984    i.RestartTickCounter  lib-otms-l-hk32l08x.lib(octopus_tickcounter.o)
    0x08002f32   0x08002f32   0x00000002   PAD
    0x08002f34   0x08002f34   0x00000088   Code   RO         2985    i.StartTickCounter  lib-otms-l-hk32l08x.lib(octopus_tickcounter.o)
    0x08002fbc   0x08002fbc   0x0000007c   Code   RO         2986    i.StopTickCounter   lib-otms-l-hk32l08x.lib(octopus_tickcounter.o)
    0x08003038   0x08003038   0x00000020   Code   RO         3857    i.__0printf         mc_p.l(printfa.o)
    0x08003058   0x08003058   0x00000034   Code   RO         3858    i.__0snprintf       mc_p.l(printfa.o)
    0x0800308c   0x0800308c   0x00000014   Code   RO         3861    i.__0vprintf        mc_p.l(printfa.o)
    0x080030a0   0x080030a0   0x0000002e   Code   RO         3991    i.__ARM_clz         mf_p.l(depilogue.o)
    0x080030ce   0x080030ce   0x0000001a   Code   RO         2488    i.__ARM_common_switch8  lib-otms-l-hk32l08x.lib(octopus_flash.o)
    0x080030e8   0x080030e8   0x0000000e   Code   RO         4008    i.__scatterload_copy  mc_p.l(handlers.o)
    0x080030f6   0x080030f6   0x00000002   Code   RO         4009    i.__scatterload_null  mc_p.l(handlers.o)
    0x080030f8   0x080030f8   0x0000000e   Code   RO         4010    i.__scatterload_zeroinit  mc_p.l(handlers.o)
    0x08003106   0x08003106   0x00000002   PAD
    0x08003108   0x08003108   0x00000174   Code   RO         3864    i._fp_digits        mc_p.l(printfa.o)
    0x0800327c   0x0800327c   0x000006ec   Code   RO         3865    i._printf_core      mc_p.l(printfa.o)
    0x08003968   0x08003968   0x00000020   Code   RO         3866    i._printf_post_padding  mc_p.l(printfa.o)
    0x08003988   0x08003988   0x0000002c   Code   RO         3867    i._printf_pre_padding  mc_p.l(printfa.o)
    0x080039b4   0x080039b4   0x00000016   Code   RO         3868    i._snputc           mc_p.l(printfa.o)
    0x080039ca   0x080039ca   0x00000032   Code   RO         3294    i.build_version_code  lib-otms-l-hk32l08x.lib(octopus_utils.o)
    0x080039fc   0x080039fc   0x0000004c   Code   RO         2127    i.cFifo_Init        lib-otms-l-hk32l08x.lib(octopus_cfifo.o)
    0x08003a48   0x08003a48   0x000000a6   Code   RO         2128    i.cFifo_Pop         lib-otms-l-hk32l08x.lib(octopus_cfifo.o)
    0x08003aee   0x08003aee   0x000000c6   Code   RO         2129    i.cFifo_Push        lib-otms-l-hk32l08x.lib(octopus_cfifo.o)
    0x08003bb4   0x08003bb4   0x00000038   Code   RO         3300    i.calculate_crc_32  lib-otms-l-hk32l08x.lib(octopus_utils.o)
    0x08003bec   0x08003bec   0x00000018   Code   RO         2852    i.clear_message     lib-otms-l-hk32l08x.lib(octopus_msgqueue.o)
    0x08003c04   0x08003c04   0x000000f4   Code   RO         3303    i.compare_versions  lib-otms-l-hk32l08x.lib(octopus_utils.o)
    0x08003cf8   0x08003cf8   0x00000024   Code   RO         2785    i.dbg_log_printf    lib-otms-l-hk32l08x.lib(octopus_log.o)
    0x08003d1c   0x08003d1c   0x00000038   Code   RO         2786    i.dbg_log_printf_buffer  lib-otms-l-hk32l08x.lib(octopus_log.o)
    0x08003d54   0x08003d54   0x00000094   Code   RO         2788    i.dbg_log_printf_level  lib-otms-l-hk32l08x.lib(octopus_log.o)
    0x08003de8   0x08003de8   0x0000000c   Code   RO         2789    i.dbg_log_set_channel  lib-otms-l-hk32l08x.lib(octopus_log.o)
    0x08003df4   0x08003df4   0x00000032   Code   RO         3305    i.decode_datetime_version  lib-otms-l-hk32l08x.lib(octopus_utils.o)
    0x08003e26   0x08003e26   0x00000002   PAD
    0x08003e28   0x08003e28   0x00000060   Code   RO         3307    i.encode_datetime_version  lib-otms-l-hk32l08x.lib(octopus_utils.o)
    0x08003e88   0x08003e88   0x000000e4   Code   RO         2214    i.flash_JumpToApplication  lib-otms-l-hk32l08x.lib(octopus_flash.o)
    0x08003f6c   0x08003f6c   0x00000020   Code   RO         2215    i.flash_check_enter_upgrade_mode  lib-otms-l-hk32l08x.lib(octopus_flash.o)
    0x08003f8c   0x08003f8c   0x000000e8   Code   RO         2216    i.flash_check_vector_table  lib-otms-l-hk32l08x.lib(octopus_flash.o)
    0x08004074   0x08004074   0x00000194   Code   RO         2217    i.flash_data_check_invalid  lib-otms-l-hk32l08x.lib(octopus_flash.o)
    0x08004208   0x08004208   0x0000009c   Code   RO         2218    i.flash_decode_active_version  lib-otms-l-hk32l08x.lib(octopus_flash.o)
    0x080042a4   0x080042a4   0x00000024   Code   RO         2219    i.flash_delay_ms    lib-otms-l-hk32l08x.lib(octopus_flash.o)
    0x080042c8   0x080042c8   0x00000184   Code   RO         2220    i.flash_erase_user_app_bank  lib-otms-l-hk32l08x.lib(octopus_flash.o)
    0x0800444c   0x0800444c   0x00000034   Code   RO         2221    i.flash_get_app_max_size  lib-otms-l-hk32l08x.lib(octopus_flash.o)
    0x08004480   0x08004480   0x00000030   Code   RO         2222    i.flash_get_bank_address  lib-otms-l-hk32l08x.lib(octopus_flash.o)
    0x080044b0   0x080044b0   0x00000034   Code   RO         2223    i.flash_get_bank_name  lib-otms-l-hk32l08x.lib(octopus_flash.o)
    0x080044e4   0x080044e4   0x0000000c   Code   RO         2225    i.flash_get_bank_slot_mode  lib-otms-l-hk32l08x.lib(octopus_flash.o)
    0x080044f0   0x080044f0   0x0000000c   Code   RO         2226    i.flash_get_current_bank  lib-otms-l-hk32l08x.lib(octopus_flash.o)
    0x080044fc   0x080044fc   0x0000000e   Code   RO         2227    i.flash_get_current_bank_name  lib-otms-l-hk32l08x.lib(octopus_flash.o)
    0x0800450a   0x0800450a   0x00000002   PAD
    0x0800450c   0x0800450c   0x00000090   Code   RO         2229    i.flash_goto_terget_bank  lib-otms-l-hk32l08x.lib(octopus_flash.o)
    0x0800459c   0x0800459c   0x00000044   Code   RO         2230    i.flash_init_version  lib-otms-l-hk32l08x.lib(octopus_flash.o)
    0x080045e0   0x080045e0   0x00000016   Code   RO         2231    i.flash_is_allow_update_address  lib-otms-l-hk32l08x.lib(octopus_flash.o)
    0x080045f6   0x080045f6   0x00000002   PAD
    0x080045f8   0x080045f8   0x00000078   Code   RO         2233    i.flash_is_bank_address_valid  lib-otms-l-hk32l08x.lib(octopus_flash.o)
    0x08004670   0x08004670   0x00000060   Code   RO         2234    i.flash_is_first_boot  lib-otms-l-hk32l08x.lib(octopus_flash.o)
    0x080046d0   0x080046d0   0x000000a4   Code   RO         2235    i.flash_is_meta_infor_valid  lib-otms-l-hk32l08x.lib(octopus_flash.o)
    0x08004774   0x08004774   0x0000027c   Code   RO         2236    i.flash_load_sync_data_infor  lib-otms-l-hk32l08x.lib(octopus_flash.o)
    0x080049f0   0x080049f0   0x00000488   Code   RO         2237    i.flash_loader_active_user_app  lib-otms-l-hk32l08x.lib(octopus_flash.o)
    0x08004e78   0x08004e78   0x00000274   Code   RO         2238    i.flash_print_logo  lib-otms-l-hk32l08x.lib(octopus_flash.o)
    0x080050ec   0x080050ec   0x000002b4   Code   RO         2239    i.flash_print_mcu_meta_infor  lib-otms-l-hk32l08x.lib(octopus_flash.o)
    0x080053a0   0x080053a0   0x0000008c   Code   RO         2240    i.flash_read_all_infor  lib-otms-l-hk32l08x.lib(octopus_flash.o)
    0x0800542c   0x0800542c   0x00000144   Code   RO         2241    i.flash_reconfig_bank_address  lib-otms-l-hk32l08x.lib(octopus_flash.o)
    0x08005570   0x08005570   0x00000090   Code   RO         2243    i.flash_vector_table_config  lib-otms-l-hk32l08x.lib(octopus_flash.o)
    0x08005600   0x08005600   0x00000128   Code   RO         2244    i.flash_verify_bank_slot_crc  lib-otms-l-hk32l08x.lib(octopus_flash.o)
    0x08005728   0x08005728   0x00000158   Code   RO         2245    i.flash_writ_all_infor  lib-otms-l-hk32l08x.lib(octopus_flash.o)
    0x08005880   0x08005880   0x0000008c   Code   RO         2791    i.fputc             lib-otms-l-hk32l08x.lib(octopus_log.o)
    0x0800590c   0x0800590c   0x0000006c   Code   RO         2853    i.get_message       lib-otms-l-hk32l08x.lib(octopus_msgqueue.o)
    0x08005978   0x08005978   0x00000038   Code   RO         3309    i.get_month_index   lib-otms-l-hk32l08x.lib(octopus_utils.o)
    0x080059b0   0x080059b0   0x00000020   Code   RO         2636    i.gpio_get_gpio_status_by_pin  lib-otms-l-hk32l08x.lib(octopus_gpio.o)
    0x080059d0   0x080059d0   0x00000020   Code   RO         2637    i.gpio_get_key_status_by_key  lib-otms-l-hk32l08x.lib(octopus_gpio.o)
    0x080059f0   0x080059f0   0x00000010   Code   RO         2639    i.gpio_is_power_on  lib-otms-l-hk32l08x.lib(octopus_gpio.o)
    0x08005a00   0x08005a00   0x0000003c   Code   RO         2640    i.gpio_power_on_off  lib-otms-l-hk32l08x.lib(octopus_gpio.o)
    0x08005a3c   0x08005a3c   0x00000038   Code   RO         3501    i.hal_eeprom_write_  lib-otms-l-hk32l08x.lib(octopus_flash_hal.o)
    0x08005a74   0x08005a74   0x00000034   Code   RO         3503    i.hal_flash_erase_page_  lib-otms-l-hk32l08x.lib(octopus_flash_hal.o)
    0x08005aa8   0x08005aa8   0x00000024   Code   RO         3504    i.hal_flash_init    lib-otms-l-hk32l08x.lib(octopus_flash_hal.o)
    0x08005acc   0x08005acc   0x00000014   Code   RO         3505    i.hal_flash_read_   lib-otms-l-hk32l08x.lib(octopus_flash_hal.o)
    0x08005ae0   0x08005ae0   0x00000058   Code   RO         3506    i.hal_flash_write_  lib-otms-l-hk32l08x.lib(octopus_flash_hal.o)
    0x08005b38   0x08005b38   0x00000026   Code   RO         2891    i.otms_exec_state   lib-otms-l-hk32l08x.lib(octopus_task_manager.o)
    0x08005b5e   0x08005b5e   0x00000002   PAD
    0x08005b60   0x08005b60   0x00000008   Code   RO         2892    i.otms_get_config   lib-otms-l-hk32l08x.lib(octopus_task_manager.o)
    0x08005b68   0x08005b68   0x00000074   Code   RO         2896    i.otms_set_state    lib-otms-l-hk32l08x.lib(octopus_task_manager.o)
    0x08005bdc   0x08005bdc   0x00000014   Code   RO         2897    i.otms_task_manager_init  lib-otms-l-hk32l08x.lib(octopus_task_manager.o)
    0x08005bf0   0x08005bf0   0x0000001c   Code   RO         2898    i.otms_task_manager_run  lib-otms-l-hk32l08x.lib(octopus_task_manager.o)
    0x08005c0c   0x08005c0c   0x00000014   Code   RO         2899    i.otms_task_manager_start  lib-otms-l-hk32l08x.lib(octopus_task_manager.o)
    0x08005c20   0x08005c20   0x0000000a   Code   RO         2246    i.otsm_flash_init   lib-otms-l-hk32l08x.lib(octopus_flash.o)
    0x08005c2a   0x08005c2a   0x0000000a   Code   RO         2641    i.otsm_gpio_init    lib-otms-l-hk32l08x.lib(octopus_gpio.o)
    0x08005c34   0x08005c34   0x00000014   Code   RO         2854    i.otsm_message_queue_init  lib-otms-l-hk32l08x.lib(octopus_msgqueue.o)
    0x08005c48   0x08005c48   0x00000008   Code   RO         3145    i.otsm_ptl_help     lib-otms-l-hk32l08x.lib(octopus_uart_ptl.o)
    0x08005c50   0x08005c50   0x00000064   Code   RO         3316    i.parse_build_date_time  lib-otms-l-hk32l08x.lib(octopus_utils.o)
    0x08005cb4   0x08005cb4   0x0000011c   Code   RO         3146    i.ptl_build_frame   lib-otms-l-hk32l08x.lib(octopus_uart_ptl.o)
    0x08005dd0   0x08005dd0   0x0000008c   Code   RO         3147    i.ptl_build_frame_header  lib-otms-l-hk32l08x.lib(octopus_uart_ptl.o)
    0x08005e5c   0x08005e5c   0x00000112   Code   RO         3148    i.ptl_find_valid_frame  lib-otms-l-hk32l08x.lib(octopus_uart_ptl.o)
    0x08005f6e   0x08005f6e   0x00000002   PAD
    0x08005f70   0x08005f70   0x00000014   Code   RO         3149    i.ptl_frame_analysis_handler  lib-otms-l-hk32l08x.lib(octopus_uart_ptl.o)
    0x08005f84   0x08005f84   0x00000088   Code   RO         3150    i.ptl_get_checksum  lib-otms-l-hk32l08x.lib(octopus_uart_ptl.o)
    0x0800600c   0x0800600c   0x00000038   Code   RO         3151    i.ptl_get_module    lib-otms-l-hk32l08x.lib(octopus_uart_ptl.o)
    0x08006044   0x08006044   0x00000014   Code   RO         3152    i.ptl_is_exists_task  lib-otms-l-hk32l08x.lib(octopus_uart_ptl.o)
    0x08006058   0x08006058   0x0000005c   Code   RO         3153    i.ptl_print_registered_module  lib-otms-l-hk32l08x.lib(octopus_uart_ptl.o)
    0x080060b4   0x080060b4   0x00000088   Code   RO         3154    i.ptl_proc_valid_frame  lib-otms-l-hk32l08x.lib(octopus_uart_ptl.o)
    0x0800613c   0x0800613c   0x0000005c   Code   RO         3155    i.ptl_register_module  lib-otms-l-hk32l08x.lib(octopus_uart_ptl.o)
    0x08006198   0x08006198   0x0000001c   Code   RO         3156    i.ptl_release_running  lib-otms-l-hk32l08x.lib(octopus_uart_ptl.o)
    0x080061b4   0x080061b4   0x00000048   Code   RO         3157    i.ptl_remove_none_header_data  lib-otms-l-hk32l08x.lib(octopus_uart_ptl.o)
    0x080061fc   0x080061fc   0x00000028   Code   RO         3158    i.ptl_reqest_running  lib-otms-l-hk32l08x.lib(octopus_uart_ptl.o)
    0x08006224   0x08006224   0x00000030   Code   RO         3159    i.ptl_rx_event_handler  lib-otms-l-hk32l08x.lib(octopus_uart_ptl.o)
    0x08006254   0x08006254   0x00000008   Code   RO         3160    i.ptl_send_buffer   lib-otms-l-hk32l08x.lib(octopus_uart_ptl.o)
    0x0800625c   0x0800625c   0x00000114   Code   RO         3161    i.ptl_tx_event_handler  lib-otms-l-hk32l08x.lib(octopus_uart_ptl.o)
    0x08006370   0x08006370   0x0000004c   Code   RO         3162    i.ptl_tx_hal        lib-otms-l-hk32l08x.lib(octopus_uart_ptl.o)
    0x080063bc   0x080063bc   0x00000064   Code   RO         2855    i.send_message      lib-otms-l-hk32l08x.lib(octopus_msgqueue.o)
    0x08006420   0x08006420   0x0000000c   Code   RO         2642    i.task_gpio_assert_running  lib-otms-l-hk32l08x.lib(octopus_gpio.o)
    0x0800642c   0x0800642c   0x00000094   Code   RO         2643    i.task_gpio_event_dispatcher  lib-otms-l-hk32l08x.lib(octopus_gpio.o)
    0x080064c0   0x080064c0   0x00000038   Code   RO         2644    i.task_gpio_event_polling  lib-otms-l-hk32l08x.lib(octopus_gpio.o)
    0x080064f8   0x080064f8   0x00000050   Code   RO         2645    i.task_gpio_init_running  lib-otms-l-hk32l08x.lib(octopus_gpio.o)
    0x08006548   0x08006548   0x00000044   Code   RO         2646    i.task_gpio_key_polling_event_dispatcher  lib-otms-l-hk32l08x.lib(octopus_gpio.o)
    0x0800658c   0x0800658c   0x000000ac   Code   RO         2647    i.task_gpio_key_polling_event_status  lib-otms-l-hk32l08x.lib(octopus_gpio.o)
    0x08006638   0x08006638   0x00000084   Code   RO         2648    i.task_gpio_polling_status  lib-otms-l-hk32l08x.lib(octopus_gpio.o)
    0x080066bc   0x080066bc   0x0000000c   Code   RO         2649    i.task_gpio_post_running  lib-otms-l-hk32l08x.lib(octopus_gpio.o)
    0x080066c8   0x080066c8   0x00000008   Code   RO         2650    i.task_gpio_running  lib-otms-l-hk32l08x.lib(octopus_gpio.o)
    0x080066d0   0x080066d0   0x00000034   Code   RO         2651    i.task_gpio_start_running  lib-otms-l-hk32l08x.lib(octopus_gpio.o)
    0x08006704   0x08006704   0x00000028   Code   RO         2652    i.task_gpio_stop_running  lib-otms-l-hk32l08x.lib(octopus_gpio.o)
    0x0800672c   0x0800672c   0x0000001a   Code   RO         2901    i.task_manager_start_module  lib-otms-l-hk32l08x.lib(octopus_task_manager.o)
    0x08006746   0x08006746   0x00000020   Code   RO         2903    i.task_manager_stop_except_2  lib-otms-l-hk32l08x.lib(octopus_task_manager.o)
    0x08006766   0x08006766   0x00000002   PAD
    0x08006768   0x08006768   0x00000020   Code   RO         3163    i.task_ptl_assert_running  lib-otms-l-hk32l08x.lib(octopus_uart_ptl.o)
    0x08006788   0x08006788   0x00000030   Code   RO         3164    i.task_ptl_init_running  lib-otms-l-hk32l08x.lib(octopus_uart_ptl.o)
    0x080067b8   0x080067b8   0x0000000c   Code   RO         3165    i.task_ptl_post_running  lib-otms-l-hk32l08x.lib(octopus_uart_ptl.o)
    0x080067c4   0x080067c4   0x00000018   Code   RO         3166    i.task_ptl_running  lib-otms-l-hk32l08x.lib(octopus_uart_ptl.o)
    0x080067dc   0x080067dc   0x00000034   Code   RO         3167    i.task_ptl_start_running  lib-otms-l-hk32l08x.lib(octopus_uart_ptl.o)
    0x08006810   0x08006810   0x00000028   Code   RO         3168    i.task_ptl_stop_running  lib-otms-l-hk32l08x.lib(octopus_uart_ptl.o)
    0x08006838   0x08006838   0x00000012   Code   RO         3037    i.task_update_assert_running  lib-otms-l-hk32l08x.lib(octopus_update_mcu.o)
    0x0800684a   0x0800684a   0x00000002   PAD
    0x0800684c   0x0800684c   0x0000004c   Code   RO         3038    i.task_update_init_running  lib-otms-l-hk32l08x.lib(octopus_update_mcu.o)
    0x08006898   0x08006898   0x00000012   Code   RO         3039    i.task_update_post_running  lib-otms-l-hk32l08x.lib(octopus_update_mcu.o)
    0x080068aa   0x080068aa   0x00000010   Code   RO         3040    i.task_update_running  lib-otms-l-hk32l08x.lib(octopus_update_mcu.o)
    0x080068ba   0x080068ba   0x00000002   PAD
    0x080068bc   0x080068bc   0x00000044   Code   RO         3041    i.task_update_start_running  lib-otms-l-hk32l08x.lib(octopus_update_mcu.o)
    0x08006900   0x08006900   0x00000028   Code   RO         3042    i.task_update_stop_running  lib-otms-l-hk32l08x.lib(octopus_update_mcu.o)
    0x08006928   0x08006928   0x00000098   Code   RO         3043    i.update_and_verify_dest_bank  lib-otms-l-hk32l08x.lib(octopus_update_mcu.o)
    0x080069c0   0x080069c0   0x00000064   Code   RO         3044    i.update_get_target_bank  lib-otms-l-hk32l08x.lib(octopus_update_mcu.o)
    0x08006a24   0x08006a24   0x00000044   Code   RO         3045    i.update_print_program_data  lib-otms-l-hk32l08x.lib(octopus_update_mcu.o)
    0x08006a68   0x08006a68   0x00000348   Code   RO         3047    i.update_receive_handler  lib-otms-l-hk32l08x.lib(octopus_update_mcu.o)
    0x08006db0   0x08006db0   0x000000d0   Code   RO         3048    i.update_send_handler  lib-otms-l-hk32l08x.lib(octopus_update_mcu.o)
    0x08006e80   0x08006e80   0x00000654   Code   RO         3049    i.update_state_handler_polling  lib-otms-l-hk32l08x.lib(octopus_update_mcu.o)
    0x080074d4   0x080074d4   0x000000b4   Code   RO         3050    i.upgrade_enter_upgrade_mode  lib-otms-l-hk32l08x.lib(octopus_update_mcu.o)
    0x08007588   0x08007588   0x000001a1   Data   RO         2249    .constdata          lib-otms-l-hk32l08x.lib(octopus_flash.o)
    0x08007729   0x08007729   0x00000061   Data   RO         2653    .constdata          lib-otms-l-hk32l08x.lib(octopus_gpio.o)
    0x0800778a   0x0800778a   0x0000001e   Data   RO         2905    .constdata          lib-otms-l-hk32l08x.lib(octopus_task_manager.o)
    0x080077a8   0x080077a8   0x00000030   Data   RO         2987    .constdata          lib-otms-l-hk32l08x.lib(octopus_tickcounter.o)
    0x080077d8   0x080077d8   0x000000ff   Data   RO         3052    .constdata          lib-otms-l-hk32l08x.lib(octopus_update_mcu.o)
    0x080078d7   0x080078d7   0x000000d5   Data   RO         3170    .constdata          lib-otms-l-hk32l08x.lib(octopus_uart_ptl.o)
    0x080079ac   0x080079ac   0x00000544   Data   RO         3325    .constdata          lib-otms-l-hk32l08x.lib(octopus_utils.o)
    0x08007ef0   0x08007ef0   0x00000032   Data   RO         3507    .constdata          lib-otms-l-hk32l08x.lib(octopus_flash_hal.o)
    0x08007f22   0x08007f22   0x00000081   Data   RO         3577    .constdata          mc_p.l(ctype_o.o)
    0x08007fa3   0x08007fa3   0x00000001   PAD
    0x08007fa4   0x08007fa4   0x00000004   Data   RO         3578    .constdata          mc_p.l(ctype_o.o)
    0x08007fa8   0x08007fa8   0x000000da   Data   RO         2250    .conststring        lib-otms-l-hk32l08x.lib(octopus_flash.o)
    0x08008082   0x08008082   0x00000002   PAD
    0x08008084   0x08008084   0x0000029b   Data   RO         3053    .conststring        lib-otms-l-hk32l08x.lib(octopus_update_mcu.o)
    0x0800831f   0x0800831f   0x00000001   PAD
    0x08008320   0x08008320   0x00000057   Data   RO         3171    .conststring        lib-otms-l-hk32l08x.lib(octopus_uart_ptl.o)
    0x08008377   0x08008377   0x00000001   PAD
    0x08008378   0x08008378   0x00000030   Data   RO         3326    .conststring        lib-otms-l-hk32l08x.lib(octopus_utils.o)
    0x080083a8   0x080083a8   0x00000010   Data   RO         1234    .rodata.APBAHBPrescTable  hk32l0xx_rcc.o
    0x080083b8   0x080083b8   0x0000006c   Data   RO         1857    .rodata.str1.1      octopus.o
    0x08008424   0x08008424   0x000000f6   Data   RO         1995    .rodata.str1.1      octopus_key.o
    0x0800851a   0x0800851a   0x00000104   Data   RO         2048    .rodata.str1.1      octopus_system.o
    0x0800861e   0x0800861e   0x00000002   PAD
    0x08008620   0x08008620   0x00000198   Data   RO         2058    .rodata.task_module_config_table  octopus_task_configuration.o
    0x080087b8   0x080087b8   0x00000020   Data   RO         4007    Region$$Table       anon$$obj.o


    Execution Region RW_IRAM1 (Exec base: 0x20000100, Load base: 0x080087d8, Size: 0x000021b0, Max: 0x00004f00, ABSOLUTE)

    Exec Addr    Load Addr    Size         Type   Attr      Idx    E Section Name        Object

    0x20000100   0x080087d8   0x00000008   Data   RW         2251    .data               lib-otms-l-hk32l08x.lib(octopus_flash.o)
    0x20000108   0x080087e0   0x00000002   Data   RW         2792    .data               lib-otms-l-hk32l08x.lib(octopus_log.o)
    0x2000010a   0x080087e2   0x00000006   Data   RW         2858    .data               lib-otms-l-hk32l08x.lib(octopus_msgqueue.o)
    0x20000110   0x080087e8   0x00000008   Data   RW         3054    .data               lib-otms-l-hk32l08x.lib(octopus_update_mcu.o)
    0x20000118   0x080087f0   0x00000010   Data   RW         3172    .data               lib-otms-l-hk32l08x.lib(octopus_uart_ptl.o)
    0x20000128   0x08008800   0x00000034   Data   RW         3327    .data               lib-otms-l-hk32l08x.lib(octopus_utils.o)
    0x2000015c   0x08008834   0x00000004   Data   RW         3964    .data               mc_p.l(stdout.o)
    0x20000160   0x08008838   0x00000004   Data   RW           21    .data.SystemCoreClock  system_hk32l0xx.o
    0x20000164   0x0800883c   0x0000000c   Data   RW         1989    .data.gpio_key_array  octopus_key.o
    0x20000170   0x08008848   0x00000014   Data   RW         1987    .data.key_status_page  octopus_key.o
    0x20000184   0x0800885c   0x00000014   Data   RW         1986    .data.key_status_power  octopus_key.o
    0x20000198        -       0x0000005c   Zero   RW         2248    .bss                lib-otms-l-hk32l08x.lib(octopus_flash.o)
    0x200001f4        -       0x0000140e   Zero   RW         2857    .bss                lib-otms-l-hk32l08x.lib(octopus_msgqueue.o)
    0x20001602        -       0x00000011   Zero   RW         2904    .bss                lib-otms-l-hk32l08x.lib(octopus_task_manager.o)
    0x20001613   0x08008870   0x00000001   PAD
    0x20001614        -       0x00000080   Zero   RW         3051    .bss                lib-otms-l-hk32l08x.lib(octopus_update_mcu.o)
    0x20001694        -       0x000002c4   Zero   RW         3169    .bss                lib-otms-l-hk32l08x.lib(octopus_uart_ptl.o)
    0x20001958        -       0x00000004   Zero   RW         1235    .bss.LCDENReg       hk32l0xx_rcc.o
    0x2000195c        -       0x00000001   Zero   RW         1856    .bss.TaskManagerStateMachine_Id_  octopus.o
    0x2000195d        -       0x00000001   Zero   RW         2046    .bss.g_mcu_state    octopus_system.o
    0x2000195e   0x08008870   0x00000002   PAD
    0x20001960        -       0x00000004   Zero   RW         1988    .bss.gpio_array     octopus_key.o
    0x20001964        -       0x00000014   Zero   RW         1993    .bss.key_status_received_temp  octopus_key.o
    0x20001978        -       0x00000004   Zero   RW         2047    .bss.l_t_msg_booting_wait_timer  octopus_system.o
    0x2000197c        -       0x00000004   Zero   RW         2045    .bss.l_t_msg_wait_10_timer  octopus_system.o
    0x20001980        -       0x00000004   Zero   RW           54    .bss.l_t_msg_wait_60000_timer  main.o
    0x20001984        -       0x00000004   Zero   RW         1992    .bss.l_t_msg_wait_timer  octopus_key.o
    0x20001988        -       0x00000001   Zero   RW         1991    .bss.power_key_password_index  octopus_key.o
    0x20001989   0x08008870   0x00000003   PAD
    0x2000198c        -       0x00000004   Zero   RW         2097    .bss.ptl_1_usart_rx_fifo  octopus_uart_hal.o
    0x20001990        -       0x00000110   Zero   RW         2098    .bss.ptl_1_usart_rx_fifo_buff  octopus_uart_hal.o
    0x20001aa0        -       0x00000004   Zero   RW         1925    .bss.system_tick_counter_ms  octopus_bsp_hk32l08x.o
    0x20001aa4        -       0x00000001   Zero   RW         1997    .bss.task_key_event_dispatcher._key_password_index  octopus_key.o
    0x20001aa5   0x08008870   0x00000003   PAD
    0x20001aa8        -       0x00000004   Zero   RW         1996    .bss.task_key_event_dispatcher._key_wait_timer  octopus_key.o
    0x20001aac        -       0x00000004   Zero   RW         1994    .bss.task_key_power_handler.power_key_wait_timer  octopus_key.o
    0x20001ab0        -       0x00000800   Zero   RW            1    STACK               keil_startup_hk32l0xx.o



  Load Region LR$$.ARM.__AT_0x20000000 (Base: 0x20000000, Size: 0x00000000, Max: 0x000000c0, ABSOLUTE)

    Execution Region ER$$.ARM.__AT_0x20000000 (Exec base: 0x20000000, Load base: 0x20000000, Size: 0x000000c0, Max: 0x000000c0, ABSOLUTE, UNINIT)

    Exec Addr    Load Addr    Size         Type   Attr      Idx    E Section Name        Object

    0x20000000        -       0x000000c0   Zero   RW         2247    .ARM.__AT_0x20000000  lib-otms-l-hk32l08x.lib(octopus_flash.o)


==============================================================================

Image component sizes


      Code (inc. data)   RO Data    RW Data    ZI Data      Debug   Object Name

       626         12          0          0          0       4211   hk32l0xx_eeprom.o
        28          4          0          0          0       2923   hk32l0xx_exti.o
       296         20          0          0          0       7593   hk32l0xx_flash.o
       202          0          0          0          0       4761   hk32l0xx_gpio.o
       204         16          0          0          0       9299   hk32l0xx_i2c.o
        32          0          0          0          0        969   hk32l0xx_it.o
       700        136         16          0          4      13684   hk32l0xx_rcc.o
        20          4          0          0          0       5005   hk32l0xx_syscfg.o
       330         20          0          0          0      10993   hk32l0xx_usart.o
        28          8        192          0       2048        748   keil_startup_hk32l0xx.o
       232         84          0          0          4       1343   main.o
       200         96        108          0          1       1539   octopus.o
      1018         64          0          0          4       9349   octopus_bsp_hk32l08x.o
        72         32          0          0          0       1795   octopus_gpio_hal.o
      1766        636        246         52         38       8944   octopus_key.o
      1616        792        260          0          9       7194   octopus_system.o
         0          0        408          0          0        568   octopus_task_configuration.o
       296         48          0          0        276       3888   octopus_uart_hal.o
         4          0          0          0          0       2355   octopus_vehicle.o
       624         96          0          4          0       3284   system_hk32l0xx.o

    ----------------------------------------------------------------------
      8312       2068       1264         56       2392     100445   Object Totals
         0          0         32          0          0          0   (incl. Generated)
        18          0          2          0          8          0   (incl. Padding)

    ----------------------------------------------------------------------

      Code (inc. data)   RO Data    RW Data    ZI Data      Debug   Library Member Name

       440          0          0          0          0      11654   octopus_cfifo.o
      6950       3078        635          8        284     529982   octopus_flash.o
       252         68         50          0          0       4193   octopus_flash_hal.o
       930        214         97          0          0      12987   octopus_gpio.o
       392        102          0          2          0       5402   octopus_log.o
       252         20          0          6       5134       2887   octopus_msgqueue.o
       288         96         30          0         17       5343   octopus_task_manager.o
       438        286         48          0          0       3753   octopus_tickcounter.o
      2014        722        300         16        708      15665   octopus_uart_ptl.o
      3404       1348        922          8        128      14839   octopus_update_mcu.o
       652        160       1396         52          0      12517   octopus_utils.o
        60         10          0          0          0         84   __0sscanf.o
        30          0          0          0          0         60   _chval.o
       824         12          0          0          0         84   _scanf.o
       330          0          0          0          0         84   _scanf_int.o
       232          0          0          0          0         84   _scanf_str.o
        68          0          0          0          0         76   _sgetc.o
         8          4        133          0          0         60   ctype_o.o
         0          0          0          0          0          0   entry.o
         0          0          0          0          0          0   entry10a.o
         0          0          0          0          0          0   entry11a.o
         8          4          0          0          0          0   entry2.o
         4          0          0          0          0          0   entry5.o
         0          0          0          0          0          0   entry7b.o
         0          0          0          0          0          0   entry8b.o
         8          4          0          0          0          0   entry9a.o
        30          0          0          0          0          0   handlers.o
        36          8          0          0          0         68   init.o
        18          0          0          0          0         68   isspace_o.o
         0          0          0          0          0          0   iusefp.o
        32          0          0          0          0         68   llshl.o
        38          0          0          0          0         68   llsshr.o
        34          0          0          0          0         68   llushr.o
        36          0          0          0          0         60   memcpya.o
        36          0          0          0          0        100   memseta.o
      2346        112          0          0          0        624   printfa.o
        44          8          0          0          0         84   scanf_char.o
         0          0          0          4          0          0   stdout.o
        44          0          0          0          0         72   uidiv.o
        96          0          0          0          0         84   uldiv.o
        20          0          0          0          0         60   uread4.o
        18          0          0          0          0         60   uwrite4.o
        40          2          0          0          0         68   cdrcmple.o
       356          4          0          0          0        140   dadd.o
       240          6          0          0          0         84   ddiv.o
       236          0          0          0          0        216   depilogue.o
        64         10          0          0          0         68   dfixul.o
       208          6          0          0          0         88   dmul.o

    ----------------------------------------------------------------------
     21584       6284       3616         96       6272     621902   Library Totals
        28          0          5          0          1          0   (incl. Padding)

    ----------------------------------------------------------------------

      Code (inc. data)   RO Data    RW Data    ZI Data      Debug   Library Name

     16012       6094       3478         92       6271     619222   lib-otms-l-hk32l08x.lib
      4400        162        133          4          0       2016   mc_p.l
      1144         28          0          0          0        664   mf_p.l

    ----------------------------------------------------------------------
     21584       6284       3616         96       6272     621902   Library Totals

    ----------------------------------------------------------------------

==============================================================================


      Code (inc. data)   RO Data    RW Data    ZI Data      Debug   

     29896       8352       4880        152       8664     715487   Grand Totals
     29896       8352       4880        152       8664     715487   ELF Image Totals
     29896       8352       4880        152          0          0   ROM Totals

==============================================================================

    Total RO  Size (Code + RO Data)                34776 (  33.96kB)
    Total RW  Size (RW Data + ZI Data)              8816 (   8.61kB)
    Total ROM Size (Code + RO Data + RW Data)      34928 (  34.11kB)

==============================================================================

